Archive member included to satisfy reference by file (symbol)

.\CortexM3\ARM_GCC_541\Debug\Bluetooth2021.a(CyLib.o)
                              .\CortexM3\ARM_GCC_541\Debug\Cm3Start.o (CyHalt)
.\CortexM3\ARM_GCC_541\Debug\Bluetooth2021.a(cyPm.o)
                              .\CortexM3\ARM_GCC_541\Debug\Bluetooth2021.a(CyLib.o) (CyPmReadStatus)
.\CortexM3\ARM_GCC_541\Debug\Bluetooth2021.a(UART.o)
                              .\CortexM3\ARM_GCC_541\Debug\main.o (UART_Start)
.\CortexM3\ARM_GCC_541\Debug\Bluetooth2021.a(I2C.o)
                              .\CortexM3\ARM_GCC_541\Debug\main.o (I2C_Start)
.\CortexM3\ARM_GCC_541\Debug\Bluetooth2021.a(I2C_INT.o)
                              .\CortexM3\ARM_GCC_541\Debug\Bluetooth2021.a(I2C.o) (I2C_ISR)
.\CortexM3\ARM_GCC_541\Debug\Bluetooth2021.a(I2C_PM.o)
                              .\CortexM3\ARM_GCC_541\Debug\Bluetooth2021.a(I2C.o) (I2C_backup)
.\CortexM3\ARM_GCC_541\Debug\Bluetooth2021.a(I2C_MASTER.o)
                              .\CortexM3\ARM_GCC_541\Debug\Bluetooth2021.a(I2C.o) (I2C_mstrStatus)
.\CortexM3\ARM_GCC_541\Debug\Bluetooth2021.a(PWM.o)
                              .\CortexM3\ARM_GCC_541\Debug\main.o (PWM_Start)
.\CortexM3\ARM_GCC_541\Debug\Bluetooth2021.a(Clock.o)
                              .\CortexM3\ARM_GCC_541\Debug\main.o (Clock_Start)
.\CortexM3\ARM_GCC_541\Debug\Bluetooth2021.a(RXisr.o)
                              .\CortexM3\ARM_GCC_541\Debug\main.o (RXisr_StartEx)
.\CortexM3\ARM_GCC_541\Debug\Bluetooth2021.a(UART_IntClock.o)
                              .\CortexM3\ARM_GCC_541\Debug\Bluetooth2021.a(UART.o) (UART_IntClock_Start)
.\CortexM3\ARM_GCC_541\Debug\Bluetooth2021.a(CyBootAsmGnu.o)
                              .\CortexM3\ARM_GCC_541\Debug\cyfitter_cfg.o (CyDelayCycles)
.\CortexM3\ARM_GCC_541\Debug\Bluetooth2021.a(CyFlash.o)
                              .\CortexM3\ARM_GCC_541\Debug\Bluetooth2021.a(cyPm.o) (CyFlash_SetWaitCycles)
.\CortexM3\ARM_GCC_541\Debug\Bluetooth2021.a(CySpc.o)
                              .\CortexM3\ARM_GCC_541\Debug\Bluetooth2021.a(CyFlash.o) (CySpcStart)
c:/program files (x86)/cypress/psoc creator/4.4/psoc creator/import/gnu/arm/5.4.1/bin/../lib/gcc/arm-none-eabi/5.4.1/../../../../arm-none-eabi/lib/armv7-m\libg_nano.a(lib_a-errno.o)
                              .\CortexM3\ARM_GCC_541\Debug\Cm3Start.o (__errno)
c:/program files (x86)/cypress/psoc creator/4.4/psoc creator/import/gnu/arm/5.4.1/bin/../lib/gcc/arm-none-eabi/5.4.1/../../../../arm-none-eabi/lib/armv7-m\libg_nano.a(lib_a-exit.o)
                              c:/program files (x86)/cypress/psoc creator/4.4/psoc creator/import/gnu/arm/5.4.1/bin/../lib/gcc/arm-none-eabi/5.4.1/../../../../arm-none-eabi/lib/armv7-m/crt0.o (exit)
c:/program files (x86)/cypress/psoc creator/4.4/psoc creator/import/gnu/arm/5.4.1/bin/../lib/gcc/arm-none-eabi/5.4.1/../../../../arm-none-eabi/lib/armv7-m\libg_nano.a(lib_a-impure.o)
                              c:/program files (x86)/cypress/psoc creator/4.4/psoc creator/import/gnu/arm/5.4.1/bin/../lib/gcc/arm-none-eabi/5.4.1/../../../../arm-none-eabi/lib/armv7-m\libg_nano.a(lib_a-exit.o) (_global_impure_ptr)
c:/program files (x86)/cypress/psoc creator/4.4/psoc creator/import/gnu/arm/5.4.1/bin/../lib/gcc/arm-none-eabi/5.4.1/../../../../arm-none-eabi/lib/armv7-m\libg_nano.a(lib_a-init.o)
                              c:/program files (x86)/cypress/psoc creator/4.4/psoc creator/import/gnu/arm/5.4.1/bin/../lib/gcc/arm-none-eabi/5.4.1/../../../../arm-none-eabi/lib/armv7-m/crt0.o (__libc_init_array)
c:/program files (x86)/cypress/psoc creator/4.4/psoc creator/import/gnu/arm/5.4.1/bin/../lib/gcc/arm-none-eabi/5.4.1/../../../../arm-none-eabi/lib/armv7-m\libg_nano.a(lib_a-memcpy-stub.o)
                              .\CortexM3\ARM_GCC_541\Debug\cyfitter_cfg.o (memcpy)
c:/program files (x86)/cypress/psoc creator/4.4/psoc creator/import/gnu/arm/5.4.1/bin/../lib/gcc/arm-none-eabi/5.4.1/../../../../arm-none-eabi/lib/armv7-m\libg_nano.a(lib_a-memset.o)
                              c:/program files (x86)/cypress/psoc creator/4.4/psoc creator/import/gnu/arm/5.4.1/bin/../lib/gcc/arm-none-eabi/5.4.1/../../../../arm-none-eabi/lib/armv7-m/crt0.o (memset)
c:/program files (x86)/cypress/psoc creator/4.4/psoc creator/import/gnu/arm/5.4.1/bin/../lib/gcc/arm-none-eabi/5.4.1/../../../../arm-none-eabi/lib/armv7-m\libg_nano.a(lib_a-strlen.o)
                              .\CortexM3\ARM_GCC_541\Debug\LiquidCrystal_I2C.o (strlen)

Allocating common symbols
Common symbol       size              file

_backlightval       0x1               .\CortexM3\ARM_GCC_541\Debug\LiquidCrystal_I2C.o
_addr               0x1               .\CortexM3\ARM_GCC_541\Debug\LiquidCrystal_I2C.o
_displaycontrol     0x1               .\CortexM3\ARM_GCC_541\Debug\LiquidCrystal_I2C.o
_charsize           0x1               .\CortexM3\ARM_GCC_541\Debug\LiquidCrystal_I2C.o
I2C_state           0x1               .\CortexM3\ARM_GCC_541\Debug\Bluetooth2021.a(I2C.o)
I2C_mstrWrBufIndex  0x1               .\CortexM3\ARM_GCC_541\Debug\Bluetooth2021.a(I2C_MASTER.o)
_displaymode        0x1               .\CortexM3\ARM_GCC_541\Debug\LiquidCrystal_I2C.o
_displayfunction    0x1               .\CortexM3\ARM_GCC_541\Debug\LiquidCrystal_I2C.o
dato                0x1               .\CortexM3\ARM_GCC_541\Debug\main.o
I2C_mstrWrBufSize   0x1               .\CortexM3\ARM_GCC_541\Debug\Bluetooth2021.a(I2C_MASTER.o)
I2C_mstrStatus      0x1               .\CortexM3\ARM_GCC_541\Debug\Bluetooth2021.a(I2C_MASTER.o)
_cols               0x1               .\CortexM3\ARM_GCC_541\Debug\LiquidCrystal_I2C.o
I2C_mstrRdBufPtr    0x4               .\CortexM3\ARM_GCC_541\Debug\Bluetooth2021.a(I2C_MASTER.o)
I2C_mstrControl     0x1               .\CortexM3\ARM_GCC_541\Debug\Bluetooth2021.a(I2C_MASTER.o)
I2C_mstrRdBufSize   0x1               .\CortexM3\ARM_GCC_541\Debug\Bluetooth2021.a(I2C_MASTER.o)
I2C_mstrRdBufIndex  0x1               .\CortexM3\ARM_GCC_541\Debug\Bluetooth2021.a(I2C_MASTER.o)
I2C_mstrWrBufPtr    0x4               .\CortexM3\ARM_GCC_541\Debug\Bluetooth2021.a(I2C_MASTER.o)
dieTemperature      0x2               .\CortexM3\ARM_GCC_541\Debug\Bluetooth2021.a(CyFlash.o)
_rows               0x1               .\CortexM3\ARM_GCC_541\Debug\LiquidCrystal_I2C.o

Discarded input sections

 .text          0x00000000        0x0 c:/program files (x86)/cypress/psoc creator/4.4/psoc creator/import/gnu/arm/5.4.1/bin/../lib/gcc/arm-none-eabi/5.4.1/armv7-m/crti.o
 .data          0x00000000        0x0 c:/program files (x86)/cypress/psoc creator/4.4/psoc creator/import/gnu/arm/5.4.1/bin/../lib/gcc/arm-none-eabi/5.4.1/armv7-m/crti.o
 .bss           0x00000000        0x0 c:/program files (x86)/cypress/psoc creator/4.4/psoc creator/import/gnu/arm/5.4.1/bin/../lib/gcc/arm-none-eabi/5.4.1/armv7-m/crti.o
 .data          0x00000000        0x4 c:/program files (x86)/cypress/psoc creator/4.4/psoc creator/import/gnu/arm/5.4.1/bin/../lib/gcc/arm-none-eabi/5.4.1/armv7-m/crtbegin.o
 .text          0x00000000       0x74 c:/program files (x86)/cypress/psoc creator/4.4/psoc creator/import/gnu/arm/5.4.1/bin/../lib/gcc/arm-none-eabi/5.4.1/../../../../arm-none-eabi/lib/armv7-m/crt0.o
 .data          0x00000000        0x0 c:/program files (x86)/cypress/psoc creator/4.4/psoc creator/import/gnu/arm/5.4.1/bin/../lib/gcc/arm-none-eabi/5.4.1/../../../../arm-none-eabi/lib/armv7-m/crt0.o
 .bss           0x00000000        0x0 c:/program files (x86)/cypress/psoc creator/4.4/psoc creator/import/gnu/arm/5.4.1/bin/../lib/gcc/arm-none-eabi/5.4.1/../../../../arm-none-eabi/lib/armv7-m/crt0.o
 .ARM.extab     0x00000000        0x0 c:/program files (x86)/cypress/psoc creator/4.4/psoc creator/import/gnu/arm/5.4.1/bin/../lib/gcc/arm-none-eabi/5.4.1/../../../../arm-none-eabi/lib/armv7-m/crt0.o
 .ARM.exidx     0x00000000        0x8 c:/program files (x86)/cypress/psoc creator/4.4/psoc creator/import/gnu/arm/5.4.1/bin/../lib/gcc/arm-none-eabi/5.4.1/../../../../arm-none-eabi/lib/armv7-m/crt0.o
 .text          0x00000000        0x0 .\CortexM3\ARM_GCC_541\Debug\main.o
 .text          0x00000000        0x0 .\CortexM3\ARM_GCC_541\Debug\LiquidCrystal_I2C.o
 .data          0x00000000        0x0 .\CortexM3\ARM_GCC_541\Debug\LiquidCrystal_I2C.o
 .bss           0x00000000        0x0 .\CortexM3\ARM_GCC_541\Debug\LiquidCrystal_I2C.o
 .text.noBacklight
                0x00000000       0x14 .\CortexM3\ARM_GCC_541\Debug\LiquidCrystal_I2C.o
 .text.backlight
                0x00000000       0x14 .\CortexM3\ARM_GCC_541\Debug\LiquidCrystal_I2C.o
 .text.setBacklight
                0x00000000       0x10 .\CortexM3\ARM_GCC_541\Debug\LiquidCrystal_I2C.o
 .text.noDisplay
                0x00000000       0x1c .\CortexM3\ARM_GCC_541\Debug\LiquidCrystal_I2C.o
 .text.noCursor
                0x00000000       0x1c .\CortexM3\ARM_GCC_541\Debug\LiquidCrystal_I2C.o
 .text.cursor   0x00000000       0x1c .\CortexM3\ARM_GCC_541\Debug\LiquidCrystal_I2C.o
 .text.noBlink  0x00000000       0x1c .\CortexM3\ARM_GCC_541\Debug\LiquidCrystal_I2C.o
 .text.blink    0x00000000       0x1c .\CortexM3\ARM_GCC_541\Debug\LiquidCrystal_I2C.o
 .text.scrollDisplayLeft
                0x00000000        0xc .\CortexM3\ARM_GCC_541\Debug\LiquidCrystal_I2C.o
 .text.scrollDisplayRight
                0x00000000        0xc .\CortexM3\ARM_GCC_541\Debug\LiquidCrystal_I2C.o
 .text.leftToRight
                0x00000000       0x1c .\CortexM3\ARM_GCC_541\Debug\LiquidCrystal_I2C.o
 .text.rightToLeft
                0x00000000       0x1c .\CortexM3\ARM_GCC_541\Debug\LiquidCrystal_I2C.o
 .text.autoscroll
                0x00000000       0x1c .\CortexM3\ARM_GCC_541\Debug\LiquidCrystal_I2C.o
 .text.noAutoscroll
                0x00000000       0x1c .\CortexM3\ARM_GCC_541\Debug\LiquidCrystal_I2C.o
 .text.createChar
                0x00000000       0x24 .\CortexM3\ARM_GCC_541\Debug\LiquidCrystal_I2C.o
 .text.load_custom_character
                0x00000000        0x8 .\CortexM3\ARM_GCC_541\Debug\LiquidCrystal_I2C.o
 .text.LCD_print
                0x00000000       0x20 .\CortexM3\ARM_GCC_541\Debug\LiquidCrystal_I2C.o
 .text          0x00000000        0x0 .\CortexM3\ARM_GCC_541\Debug\cyfitter_cfg.o
 .data          0x00000000        0x0 .\CortexM3\ARM_GCC_541\Debug\cyfitter_cfg.o
 .bss           0x00000000        0x0 .\CortexM3\ARM_GCC_541\Debug\cyfitter_cfg.o
 .text.SetAnalogRoutingPumps
                0x00000000       0x10 .\CortexM3\ARM_GCC_541\Debug\cyfitter_cfg.o
 .text          0x00000000        0x0 .\CortexM3\ARM_GCC_541\Debug\cymetadata.o
 .data          0x00000000        0x0 .\CortexM3\ARM_GCC_541\Debug\cymetadata.o
 .bss           0x00000000        0x0 .\CortexM3\ARM_GCC_541\Debug\cymetadata.o
 .text          0x00000000        0x0 .\CortexM3\ARM_GCC_541\Debug\Cm3Start.o
 .data          0x00000000        0x4 .\CortexM3\ARM_GCC_541\Debug\Cm3Start.o
 .bss           0x00000000        0x0 .\CortexM3\ARM_GCC_541\Debug\Cm3Start.o
 .text._exit    0x00000000        0xc .\CortexM3\ARM_GCC_541\Debug\Cm3Start.o
 .text._sbrk    0x00000000       0x30 .\CortexM3\ARM_GCC_541\Debug\Cm3Start.o
 .text          0x00000000        0x0 .\CortexM3\ARM_GCC_541\Debug\Bluetooth2021.a(CyLib.o)
 .bss           0x00000000       0x1c .\CortexM3\ARM_GCC_541\Debug\Bluetooth2021.a(CyLib.o)
 .text.CyUSB_PowerOnCheck
                0x00000000       0x48 .\CortexM3\ARM_GCC_541\Debug\Bluetooth2021.a(CyLib.o)
 .text.CyBusClk_Internal_SetDivider
                0x00000000       0x48 .\CortexM3\ARM_GCC_541\Debug\Bluetooth2021.a(CyLib.o)
 .text.CyPLL_OUT_Stop
                0x00000000       0x10 .\CortexM3\ARM_GCC_541\Debug\Bluetooth2021.a(CyLib.o)
 .text.CyIMO_Stop
                0x00000000       0x1c .\CortexM3\ARM_GCC_541\Debug\Bluetooth2021.a(CyLib.o)
 .text.CyIMO_EnableDoubler
                0x00000000       0x10 .\CortexM3\ARM_GCC_541\Debug\Bluetooth2021.a(CyLib.o)
 .text.CyIMO_DisableDoubler
                0x00000000       0x10 .\CortexM3\ARM_GCC_541\Debug\Bluetooth2021.a(CyLib.o)
 .text.CyMasterClk_SetSource
                0x00000000       0x18 .\CortexM3\ARM_GCC_541\Debug\Bluetooth2021.a(CyLib.o)
 .text.CyMasterClk_SetDivider
                0x00000000        0xc .\CortexM3\ARM_GCC_541\Debug\Bluetooth2021.a(CyLib.o)
 .text.CyBusClk_SetDivider
                0x00000000       0x70 .\CortexM3\ARM_GCC_541\Debug\Bluetooth2021.a(CyLib.o)
 .text.CyUsbClk_SetSource
                0x00000000       0x18 .\CortexM3\ARM_GCC_541\Debug\Bluetooth2021.a(CyLib.o)
 .text.CyILO_Start1K
                0x00000000       0x10 .\CortexM3\ARM_GCC_541\Debug\Bluetooth2021.a(CyLib.o)
 .text.CyILO_Stop1K
                0x00000000       0x10 .\CortexM3\ARM_GCC_541\Debug\Bluetooth2021.a(CyLib.o)
 .text.CyILO_Start100K
                0x00000000       0x10 .\CortexM3\ARM_GCC_541\Debug\Bluetooth2021.a(CyLib.o)
 .text.CyILO_Stop100K
                0x00000000       0x10 .\CortexM3\ARM_GCC_541\Debug\Bluetooth2021.a(CyLib.o)
 .text.CyPLL_OUT_Start
                0x00000000       0x78 .\CortexM3\ARM_GCC_541\Debug\Bluetooth2021.a(CyLib.o)
 .text.CyIMO_Start
                0x00000000       0x60 .\CortexM3\ARM_GCC_541\Debug\Bluetooth2021.a(CyLib.o)
 .text.CyILO_Enable33K
                0x00000000       0x10 .\CortexM3\ARM_GCC_541\Debug\Bluetooth2021.a(CyLib.o)
 .text.CyILO_Disable33K
                0x00000000       0x10 .\CortexM3\ARM_GCC_541\Debug\Bluetooth2021.a(CyLib.o)
 .text.CyILO_SetSource
                0x00000000       0x18 .\CortexM3\ARM_GCC_541\Debug\Bluetooth2021.a(CyLib.o)
 .text.CyILO_SetPowerMode
                0x00000000       0x24 .\CortexM3\ARM_GCC_541\Debug\Bluetooth2021.a(CyLib.o)
 .text.CyXTAL_32KHZ_Stop
                0x00000000       0x30 .\CortexM3\ARM_GCC_541\Debug\Bluetooth2021.a(CyLib.o)
 .text.CyXTAL_32KHZ_ReadStatus
                0x00000000       0x10 .\CortexM3\ARM_GCC_541\Debug\Bluetooth2021.a(CyLib.o)
 .text.CyXTAL_Start
                0x00000000       0xac .\CortexM3\ARM_GCC_541\Debug\Bluetooth2021.a(CyLib.o)
 .text.CyXTAL_Stop
                0x00000000       0x10 .\CortexM3\ARM_GCC_541\Debug\Bluetooth2021.a(CyLib.o)
 .text.CyXTAL_EnableErrStatus
                0x00000000       0x10 .\CortexM3\ARM_GCC_541\Debug\Bluetooth2021.a(CyLib.o)
 .text.CyXTAL_DisableErrStatus
                0x00000000       0x10 .\CortexM3\ARM_GCC_541\Debug\Bluetooth2021.a(CyLib.o)
 .text.CyXTAL_ReadStatus
                0x00000000       0x18 .\CortexM3\ARM_GCC_541\Debug\Bluetooth2021.a(CyLib.o)
 .text.CyXTAL_EnableFaultRecovery
                0x00000000       0x10 .\CortexM3\ARM_GCC_541\Debug\Bluetooth2021.a(CyLib.o)
 .text.CyXTAL_DisableFaultRecovery
                0x00000000       0x10 .\CortexM3\ARM_GCC_541\Debug\Bluetooth2021.a(CyLib.o)
 .text.CyXTAL_SetStartup
                0x00000000       0x18 .\CortexM3\ARM_GCC_541\Debug\Bluetooth2021.a(CyLib.o)
 .text.CyXTAL_SetFbVoltage
                0x00000000       0x18 .\CortexM3\ARM_GCC_541\Debug\Bluetooth2021.a(CyLib.o)
 .text.CyXTAL_SetWdVoltage
                0x00000000       0x18 .\CortexM3\ARM_GCC_541\Debug\Bluetooth2021.a(CyLib.o)
 .text.CyPLL_OUT_SetPQ
                0x00000000       0x60 .\CortexM3\ARM_GCC_541\Debug\Bluetooth2021.a(CyLib.o)
 .text.CyPLL_OUT_SetSource
                0x00000000       0x34 .\CortexM3\ARM_GCC_541\Debug\Bluetooth2021.a(CyLib.o)
 .text.CyIMO_SetTrimValue
                0x00000000       0xcc .\CortexM3\ARM_GCC_541\Debug\Bluetooth2021.a(CyLib.o)
 .text.CyIMO_SetFreq
                0x00000000       0xf4 .\CortexM3\ARM_GCC_541\Debug\Bluetooth2021.a(CyLib.o)
 .text.CyIMO_SetSource
                0x00000000       0x58 .\CortexM3\ARM_GCC_541\Debug\Bluetooth2021.a(CyLib.o)
 .text.CySoftwareReset
                0x00000000       0x10 .\CortexM3\ARM_GCC_541\Debug\Bluetooth2021.a(CyLib.o)
 .text.CyXTAL_32KHZ_SetPowerMode
                0x00000000       0x84 .\CortexM3\ARM_GCC_541\Debug\Bluetooth2021.a(CyLib.o)
 .text.CyXTAL_32KHZ_Start
                0x00000000       0x74 .\CortexM3\ARM_GCC_541\Debug\Bluetooth2021.a(CyLib.o)
 .text.CyDelayFreq
                0x00000000       0x4c .\CortexM3\ARM_GCC_541\Debug\Bluetooth2021.a(CyLib.o)
 .text.CyWdtStart
                0x00000000       0x40 .\CortexM3\ARM_GCC_541\Debug\Bluetooth2021.a(CyLib.o)
 .text.CyWdtClear
                0x00000000        0xc .\CortexM3\ARM_GCC_541\Debug\Bluetooth2021.a(CyLib.o)
 .text.CyVdStickyStatus
                0x00000000       0x2c .\CortexM3\ARM_GCC_541\Debug\Bluetooth2021.a(CyLib.o)
 .text.CyVdLvDigitEnable
                0x00000000       0x84 .\CortexM3\ARM_GCC_541\Debug\Bluetooth2021.a(CyLib.o)
 .text.CyVdLvAnalogEnable
                0x00000000       0x80 .\CortexM3\ARM_GCC_541\Debug\Bluetooth2021.a(CyLib.o)
 .text.CyVdLvDigitDisable
                0x00000000       0x30 .\CortexM3\ARM_GCC_541\Debug\Bluetooth2021.a(CyLib.o)
 .text.CyVdLvAnalogDisable
                0x00000000       0x28 .\CortexM3\ARM_GCC_541\Debug\Bluetooth2021.a(CyLib.o)
 .text.CyVdHvAnalogEnable
                0x00000000       0x54 .\CortexM3\ARM_GCC_541\Debug\Bluetooth2021.a(CyLib.o)
 .text.CyVdHvAnalogDisable
                0x00000000       0x20 .\CortexM3\ARM_GCC_541\Debug\Bluetooth2021.a(CyLib.o)
 .text.CyVdRealTimeStatus
                0x00000000       0x1c .\CortexM3\ARM_GCC_541\Debug\Bluetooth2021.a(CyLib.o)
 .text.CyDisableInts
                0x00000000       0x1c .\CortexM3\ARM_GCC_541\Debug\Bluetooth2021.a(CyLib.o)
 .text.CyEnableInts
                0x00000000       0x18 .\CortexM3\ARM_GCC_541\Debug\Bluetooth2021.a(CyLib.o)
 .text.CyFlushCache
                0x00000000       0x44 .\CortexM3\ARM_GCC_541\Debug\Bluetooth2021.a(CyLib.o)
 .text.CyIntSetSysVector
                0x00000000       0x28 .\CortexM3\ARM_GCC_541\Debug\Bluetooth2021.a(CyLib.o)
 .text.CyIntGetSysVector
                0x00000000       0x20 .\CortexM3\ARM_GCC_541\Debug\Bluetooth2021.a(CyLib.o)
 .text.CyIntGetVector
                0x00000000       0x24 .\CortexM3\ARM_GCC_541\Debug\Bluetooth2021.a(CyLib.o)
 .text.CyIntGetPriority
                0x00000000       0x20 .\CortexM3\ARM_GCC_541\Debug\Bluetooth2021.a(CyLib.o)
 .text.CyIntGetState
                0x00000000       0x24 .\CortexM3\ARM_GCC_541\Debug\Bluetooth2021.a(CyLib.o)
 .text.CySysTickStop
                0x00000000       0x10 .\CortexM3\ARM_GCC_541\Debug\Bluetooth2021.a(CyLib.o)
 .text.CySysTickEnableInterrupt
                0x00000000       0x10 .\CortexM3\ARM_GCC_541\Debug\Bluetooth2021.a(CyLib.o)
 .text.CySysTickEnable
                0x00000000       0x18 .\CortexM3\ARM_GCC_541\Debug\Bluetooth2021.a(CyLib.o)
 .text.CySysTickDisableInterrupt
                0x00000000       0x10 .\CortexM3\ARM_GCC_541\Debug\Bluetooth2021.a(CyLib.o)
 .text.CySysTickSetReload
                0x00000000       0x10 .\CortexM3\ARM_GCC_541\Debug\Bluetooth2021.a(CyLib.o)
 .text.CySysTickGetReload
                0x00000000       0x10 .\CortexM3\ARM_GCC_541\Debug\Bluetooth2021.a(CyLib.o)
 .text.CySysTickGetValue
                0x00000000       0x10 .\CortexM3\ARM_GCC_541\Debug\Bluetooth2021.a(CyLib.o)
 .text.CySysTickSetClockSource
                0x00000000       0x20 .\CortexM3\ARM_GCC_541\Debug\Bluetooth2021.a(CyLib.o)
 .text.CySysTickGetClockSource
                0x00000000       0x10 .\CortexM3\ARM_GCC_541\Debug\Bluetooth2021.a(CyLib.o)
 .text.CySysTickGetCountFlag
                0x00000000       0x10 .\CortexM3\ARM_GCC_541\Debug\Bluetooth2021.a(CyLib.o)
 .text.CySysTickServiceCallbacks
                0x00000000       0x28 .\CortexM3\ARM_GCC_541\Debug\Bluetooth2021.a(CyLib.o)
 .text.CySysTickClear
                0x00000000        0xc .\CortexM3\ARM_GCC_541\Debug\Bluetooth2021.a(CyLib.o)
 .text.CySysTickInit
                0x00000000       0x58 .\CortexM3\ARM_GCC_541\Debug\Bluetooth2021.a(CyLib.o)
 .text.CySysTickStart
                0x00000000       0x1c .\CortexM3\ARM_GCC_541\Debug\Bluetooth2021.a(CyLib.o)
 .text.CySysTickSetCallback
                0x00000000       0x10 .\CortexM3\ARM_GCC_541\Debug\Bluetooth2021.a(CyLib.o)
 .text.CySysTickGetCallback
                0x00000000       0x10 .\CortexM3\ARM_GCC_541\Debug\Bluetooth2021.a(CyLib.o)
 .text.CyGetUniqueId
                0x00000000       0x70 .\CortexM3\ARM_GCC_541\Debug\Bluetooth2021.a(CyLib.o)
 .text          0x00000000        0x0 .\CortexM3\ARM_GCC_541\Debug\Bluetooth2021.a(cyPm.o)
 .data          0x00000000        0x0 .\CortexM3\ARM_GCC_541\Debug\Bluetooth2021.a(cyPm.o)
 .bss           0x00000000       0x43 .\CortexM3\ARM_GCC_541\Debug\Bluetooth2021.a(cyPm.o)
 .text.CyPmHibSlpSaveSet
                0x00000000      0x1dc .\CortexM3\ARM_GCC_541\Debug\Bluetooth2021.a(cyPm.o)
 .text.CyPmHibSlpRestore
                0x00000000       0xd8 .\CortexM3\ARM_GCC_541\Debug\Bluetooth2021.a(cyPm.o)
 .text.CyPmHviLviSaveDisable
                0x00000000       0xa0 .\CortexM3\ARM_GCC_541\Debug\Bluetooth2021.a(cyPm.o)
 .text.CyPmHibSaveSet
                0x00000000       0x98 .\CortexM3\ARM_GCC_541\Debug\Bluetooth2021.a(cyPm.o)
 .text.CyPmHviLviRestore
                0x00000000       0x48 .\CortexM3\ARM_GCC_541\Debug\Bluetooth2021.a(cyPm.o)
 .text.CyPmHibRestore
                0x00000000       0x60 .\CortexM3\ARM_GCC_541\Debug\Bluetooth2021.a(cyPm.o)
 .text.CyPmSaveClocks
                0x00000000      0x218 .\CortexM3\ARM_GCC_541\Debug\Bluetooth2021.a(cyPm.o)
 .text.CyPmRestoreClocks
                0x00000000      0x24c .\CortexM3\ARM_GCC_541\Debug\Bluetooth2021.a(cyPm.o)
 .text.CyPmAltAct
                0x00000000       0x6c .\CortexM3\ARM_GCC_541\Debug\Bluetooth2021.a(cyPm.o)
 .text.CyPmSleep
                0x00000000       0xf4 .\CortexM3\ARM_GCC_541\Debug\Bluetooth2021.a(cyPm.o)
 .text.CyPmHibernateEx
                0x00000000       0xf4 .\CortexM3\ARM_GCC_541\Debug\Bluetooth2021.a(cyPm.o)
 .text.CyPmHibernate
                0x00000000        0xc .\CortexM3\ARM_GCC_541\Debug\Bluetooth2021.a(cyPm.o)
 .text.CyPmReadStatus
                0x00000000       0x30 .\CortexM3\ARM_GCC_541\Debug\Bluetooth2021.a(cyPm.o)
 .text.CyPmCtwSetInterval
                0x00000000       0x5c .\CortexM3\ARM_GCC_541\Debug\Bluetooth2021.a(cyPm.o)
 .text.CyPmOppsSet
                0x00000000       0x2c .\CortexM3\ARM_GCC_541\Debug\Bluetooth2021.a(cyPm.o)
 .text.CyPmFtwSetInterval
                0x00000000       0x5c .\CortexM3\ARM_GCC_541\Debug\Bluetooth2021.a(cyPm.o)
 .rodata        0x00000000        0xf .\CortexM3\ARM_GCC_541\Debug\Bluetooth2021.a(cyPm.o)
 .text          0x00000000        0x0 .\CortexM3\ARM_GCC_541\Debug\Bluetooth2021.a(UART.o)
 .data          0x00000000        0x0 .\CortexM3\ARM_GCC_541\Debug\Bluetooth2021.a(UART.o)
 .text.UART_Stop
                0x00000000       0x30 .\CortexM3\ARM_GCC_541\Debug\Bluetooth2021.a(UART.o)
 .text.UART_ReadControlRegister
                0x00000000        0x4 .\CortexM3\ARM_GCC_541\Debug\Bluetooth2021.a(UART.o)
 .text.UART_WriteControlRegister
                0x00000000        0x4 .\CortexM3\ARM_GCC_541\Debug\Bluetooth2021.a(UART.o)
 .text.UART_SetRxInterruptMode
                0x00000000        0xc .\CortexM3\ARM_GCC_541\Debug\Bluetooth2021.a(UART.o)
 .text.UART_ReadRxData
                0x00000000        0xc .\CortexM3\ARM_GCC_541\Debug\Bluetooth2021.a(UART.o)
 .text.UART_ReadRxStatus
                0x00000000       0x10 .\CortexM3\ARM_GCC_541\Debug\Bluetooth2021.a(UART.o)
 .text.UART_GetByte
                0x00000000       0x14 .\CortexM3\ARM_GCC_541\Debug\Bluetooth2021.a(UART.o)
 .text.UART_GetRxBufferSize
                0x00000000       0x18 .\CortexM3\ARM_GCC_541\Debug\Bluetooth2021.a(UART.o)
 .text.UART_ClearRxBuffer
                0x00000000       0x24 .\CortexM3\ARM_GCC_541\Debug\Bluetooth2021.a(UART.o)
 .text.UART_SetRxAddressMode
                0x00000000        0x4 .\CortexM3\ARM_GCC_541\Debug\Bluetooth2021.a(UART.o)
 .text.UART_SetRxAddress1
                0x00000000        0xc .\CortexM3\ARM_GCC_541\Debug\Bluetooth2021.a(UART.o)
 .text.UART_SetRxAddress2
                0x00000000        0xc .\CortexM3\ARM_GCC_541\Debug\Bluetooth2021.a(UART.o)
 .text          0x00000000        0x0 .\CortexM3\ARM_GCC_541\Debug\Bluetooth2021.a(I2C.o)
 .data          0x00000000        0x0 .\CortexM3\ARM_GCC_541\Debug\Bluetooth2021.a(I2C.o)
 .text.I2C_Stop
                0x00000000       0xb4 .\CortexM3\ARM_GCC_541\Debug\Bluetooth2021.a(I2C.o)
 .text          0x00000000        0x0 .\CortexM3\ARM_GCC_541\Debug\Bluetooth2021.a(I2C_INT.o)
 .data          0x00000000        0x0 .\CortexM3\ARM_GCC_541\Debug\Bluetooth2021.a(I2C_INT.o)
 .bss           0x00000000        0x0 .\CortexM3\ARM_GCC_541\Debug\Bluetooth2021.a(I2C_INT.o)
 .text          0x00000000        0x0 .\CortexM3\ARM_GCC_541\Debug\Bluetooth2021.a(I2C_PM.o)
 .data          0x00000000        0x6 .\CortexM3\ARM_GCC_541\Debug\Bluetooth2021.a(I2C_PM.o)
 .bss           0x00000000        0x0 .\CortexM3\ARM_GCC_541\Debug\Bluetooth2021.a(I2C_PM.o)
 .text.I2C_SaveConfig
                0x00000000       0x3c .\CortexM3\ARM_GCC_541\Debug\Bluetooth2021.a(I2C_PM.o)
 .text.I2C_Sleep
                0x00000000       0x24 .\CortexM3\ARM_GCC_541\Debug\Bluetooth2021.a(I2C_PM.o)
 .text.I2C_RestoreConfig
                0x00000000       0x60 .\CortexM3\ARM_GCC_541\Debug\Bluetooth2021.a(I2C_PM.o)
 .text.I2C_Wakeup
                0x00000000       0x24 .\CortexM3\ARM_GCC_541\Debug\Bluetooth2021.a(I2C_PM.o)
 .text          0x00000000        0x0 .\CortexM3\ARM_GCC_541\Debug\Bluetooth2021.a(I2C_MASTER.o)
 .data          0x00000000        0x0 .\CortexM3\ARM_GCC_541\Debug\Bluetooth2021.a(I2C_MASTER.o)
 .bss           0x00000000        0x0 .\CortexM3\ARM_GCC_541\Debug\Bluetooth2021.a(I2C_MASTER.o)
 .text.I2C_MasterWriteBuf
                0x00000000       0xcc .\CortexM3\ARM_GCC_541\Debug\Bluetooth2021.a(I2C_MASTER.o)
 .text.I2C_MasterReadBuf
                0x00000000       0xd0 .\CortexM3\ARM_GCC_541\Debug\Bluetooth2021.a(I2C_MASTER.o)
 .text.I2C_MasterSendRestart
                0x00000000       0x6c .\CortexM3\ARM_GCC_541\Debug\Bluetooth2021.a(I2C_MASTER.o)
 .text.I2C_MasterReadByte
                0x00000000       0x58 .\CortexM3\ARM_GCC_541\Debug\Bluetooth2021.a(I2C_MASTER.o)
 .text.I2C_MasterStatus
                0x00000000       0x38 .\CortexM3\ARM_GCC_541\Debug\Bluetooth2021.a(I2C_MASTER.o)
 .text.I2C_MasterClearStatus
                0x00000000       0x24 .\CortexM3\ARM_GCC_541\Debug\Bluetooth2021.a(I2C_MASTER.o)
 .text.I2C_MasterGetReadBufSize
                0x00000000        0xc .\CortexM3\ARM_GCC_541\Debug\Bluetooth2021.a(I2C_MASTER.o)
 .text.I2C_MasterGetWriteBufSize
                0x00000000        0xc .\CortexM3\ARM_GCC_541\Debug\Bluetooth2021.a(I2C_MASTER.o)
 .text.I2C_MasterClearReadBuf
                0x00000000       0x30 .\CortexM3\ARM_GCC_541\Debug\Bluetooth2021.a(I2C_MASTER.o)
 .text.I2C_MasterClearWriteBuf
                0x00000000       0x30 .\CortexM3\ARM_GCC_541\Debug\Bluetooth2021.a(I2C_MASTER.o)
 .text          0x00000000        0x0 .\CortexM3\ARM_GCC_541\Debug\Bluetooth2021.a(PWM.o)
 .data          0x00000000        0x0 .\CortexM3\ARM_GCC_541\Debug\Bluetooth2021.a(PWM.o)
 .text.PWM_Stop
                0x00000000       0x10 .\CortexM3\ARM_GCC_541\Debug\Bluetooth2021.a(PWM.o)
 .text.PWM_ReadCounter
                0x00000000       0x14 .\CortexM3\ARM_GCC_541\Debug\Bluetooth2021.a(PWM.o)
 .text.PWM_ReadControlRegister
                0x00000000        0xc .\CortexM3\ARM_GCC_541\Debug\Bluetooth2021.a(PWM.o)
 .text.PWM_WriteControlRegister
                0x00000000        0xc .\CortexM3\ARM_GCC_541\Debug\Bluetooth2021.a(PWM.o)
 .text.PWM_ReadCompare
                0x00000000        0xc .\CortexM3\ARM_GCC_541\Debug\Bluetooth2021.a(PWM.o)
 .text.PWM_ReadPeriod
                0x00000000        0xc .\CortexM3\ARM_GCC_541\Debug\Bluetooth2021.a(PWM.o)
 .text          0x00000000        0x0 .\CortexM3\ARM_GCC_541\Debug\Bluetooth2021.a(Clock.o)
 .data          0x00000000        0x0 .\CortexM3\ARM_GCC_541\Debug\Bluetooth2021.a(Clock.o)
 .bss           0x00000000        0x0 .\CortexM3\ARM_GCC_541\Debug\Bluetooth2021.a(Clock.o)
 .text.Clock_Stop
                0x00000000       0x1c .\CortexM3\ARM_GCC_541\Debug\Bluetooth2021.a(Clock.o)
 .text.Clock_StopBlock
                0x00000000       0x6c .\CortexM3\ARM_GCC_541\Debug\Bluetooth2021.a(Clock.o)
 .text.Clock_StandbyPower
                0x00000000       0x20 .\CortexM3\ARM_GCC_541\Debug\Bluetooth2021.a(Clock.o)
 .text.Clock_GetDividerRegister
                0x00000000        0xc .\CortexM3\ARM_GCC_541\Debug\Bluetooth2021.a(Clock.o)
 .text.Clock_SetModeRegister
                0x00000000       0x14 .\CortexM3\ARM_GCC_541\Debug\Bluetooth2021.a(Clock.o)
 .text.Clock_ClearModeRegister
                0x00000000       0x18 .\CortexM3\ARM_GCC_541\Debug\Bluetooth2021.a(Clock.o)
 .text.Clock_GetModeRegister
                0x00000000       0x10 .\CortexM3\ARM_GCC_541\Debug\Bluetooth2021.a(Clock.o)
 .text.Clock_GetSourceRegister
                0x00000000       0x10 .\CortexM3\ARM_GCC_541\Debug\Bluetooth2021.a(Clock.o)
 .text.Clock_SetDividerRegister
                0x00000000       0xdc .\CortexM3\ARM_GCC_541\Debug\Bluetooth2021.a(Clock.o)
 .text.Clock_SetSourceRegister
                0x00000000       0x5c .\CortexM3\ARM_GCC_541\Debug\Bluetooth2021.a(Clock.o)
 .text          0x00000000        0x0 .\CortexM3\ARM_GCC_541\Debug\Bluetooth2021.a(RXisr.o)
 .data          0x00000000        0x0 .\CortexM3\ARM_GCC_541\Debug\Bluetooth2021.a(RXisr.o)
 .bss           0x00000000        0x0 .\CortexM3\ARM_GCC_541\Debug\Bluetooth2021.a(RXisr.o)
 .text.RXisr_Interrupt
                0x00000000        0x4 .\CortexM3\ARM_GCC_541\Debug\Bluetooth2021.a(RXisr.o)
 .text.RXisr_GetVector
                0x00000000        0xc .\CortexM3\ARM_GCC_541\Debug\Bluetooth2021.a(RXisr.o)
 .text.RXisr_GetPriority
                0x00000000        0xc .\CortexM3\ARM_GCC_541\Debug\Bluetooth2021.a(RXisr.o)
 .text.RXisr_GetState
                0x00000000       0x10 .\CortexM3\ARM_GCC_541\Debug\Bluetooth2021.a(RXisr.o)
 .text.RXisr_Start
                0x00000000       0x1c .\CortexM3\ARM_GCC_541\Debug\Bluetooth2021.a(RXisr.o)
 .text.RXisr_Stop
                0x00000000       0x14 .\CortexM3\ARM_GCC_541\Debug\Bluetooth2021.a(RXisr.o)
 .text.RXisr_SetPending
                0x00000000        0xc .\CortexM3\ARM_GCC_541\Debug\Bluetooth2021.a(RXisr.o)
 .text.RXisr_ClearPending
                0x00000000        0xc .\CortexM3\ARM_GCC_541\Debug\Bluetooth2021.a(RXisr.o)
 .text          0x00000000        0x0 .\CortexM3\ARM_GCC_541\Debug\Bluetooth2021.a(UART_IntClock.o)
 .data          0x00000000        0x0 .\CortexM3\ARM_GCC_541\Debug\Bluetooth2021.a(UART_IntClock.o)
 .bss           0x00000000        0x0 .\CortexM3\ARM_GCC_541\Debug\Bluetooth2021.a(UART_IntClock.o)
 .text.UART_IntClock_Stop
                0x00000000       0x1c .\CortexM3\ARM_GCC_541\Debug\Bluetooth2021.a(UART_IntClock.o)
 .text.UART_IntClock_StopBlock
                0x00000000       0x6c .\CortexM3\ARM_GCC_541\Debug\Bluetooth2021.a(UART_IntClock.o)
 .text.UART_IntClock_StandbyPower
                0x00000000       0x20 .\CortexM3\ARM_GCC_541\Debug\Bluetooth2021.a(UART_IntClock.o)
 .text.UART_IntClock_GetDividerRegister
                0x00000000        0xc .\CortexM3\ARM_GCC_541\Debug\Bluetooth2021.a(UART_IntClock.o)
 .text.UART_IntClock_SetModeRegister
                0x00000000       0x14 .\CortexM3\ARM_GCC_541\Debug\Bluetooth2021.a(UART_IntClock.o)
 .text.UART_IntClock_ClearModeRegister
                0x00000000       0x18 .\CortexM3\ARM_GCC_541\Debug\Bluetooth2021.a(UART_IntClock.o)
 .text.UART_IntClock_GetModeRegister
                0x00000000       0x10 .\CortexM3\ARM_GCC_541\Debug\Bluetooth2021.a(UART_IntClock.o)
 .text.UART_IntClock_GetSourceRegister
                0x00000000       0x10 .\CortexM3\ARM_GCC_541\Debug\Bluetooth2021.a(UART_IntClock.o)
 .text.UART_IntClock_SetDividerRegister
                0x00000000       0xd8 .\CortexM3\ARM_GCC_541\Debug\Bluetooth2021.a(UART_IntClock.o)
 .text.UART_IntClock_SetSourceRegister
                0x00000000       0x5c .\CortexM3\ARM_GCC_541\Debug\Bluetooth2021.a(UART_IntClock.o)
 .data          0x00000000        0x0 .\CortexM3\ARM_GCC_541\Debug\Bluetooth2021.a(CyBootAsmGnu.o)
 .bss           0x00000000        0x0 .\CortexM3\ARM_GCC_541\Debug\Bluetooth2021.a(CyBootAsmGnu.o)
 .text          0x00000000        0x0 .\CortexM3\ARM_GCC_541\Debug\Bluetooth2021.a(CyFlash.o)
 .data          0x00000000        0x0 .\CortexM3\ARM_GCC_541\Debug\Bluetooth2021.a(CyFlash.o)
 .bss           0x00000000        0x0 .\CortexM3\ARM_GCC_541\Debug\Bluetooth2021.a(CyFlash.o)
 .text.CySetTempInt
                0x00000000       0x60 .\CortexM3\ARM_GCC_541\Debug\Bluetooth2021.a(CyFlash.o)
 .text.CyFlash_Start
                0x00000000       0x54 .\CortexM3\ARM_GCC_541\Debug\Bluetooth2021.a(CyFlash.o)
 .text.CyFlash_Stop
                0x00000000       0x24 .\CortexM3\ARM_GCC_541\Debug\Bluetooth2021.a(CyFlash.o)
 .text.CyFlash_EraseRow
                0x00000000       0x78 .\CortexM3\ARM_GCC_541\Debug\Bluetooth2021.a(CyFlash.o)
 .text.CyFlashGetSpcAlgorithm
                0x00000000       0x4c .\CortexM3\ARM_GCC_541\Debug\Bluetooth2021.a(CyFlash.o)
 .text.CySetTemp
                0x00000000       0x14 .\CortexM3\ARM_GCC_541\Debug\Bluetooth2021.a(CyFlash.o)
 .text.CySetFlashEEBuffer
                0x00000000       0x20 .\CortexM3\ARM_GCC_541\Debug\Bluetooth2021.a(CyFlash.o)
 .text.CyWriteRowFull
                0x00000000       0xf8 .\CortexM3\ARM_GCC_541\Debug\Bluetooth2021.a(CyFlash.o)
 .text.CyWriteRowData
                0x00000000       0x14 .\CortexM3\ARM_GCC_541\Debug\Bluetooth2021.a(CyFlash.o)
 .text.CyFlash_SetWaitCycles
                0x00000000       0x7c .\CortexM3\ARM_GCC_541\Debug\Bluetooth2021.a(CyFlash.o)
 .text.CyEEPROM_Start
                0x00000000       0x54 .\CortexM3\ARM_GCC_541\Debug\Bluetooth2021.a(CyFlash.o)
 .text.CyEEPROM_Stop
                0x00000000       0x24 .\CortexM3\ARM_GCC_541\Debug\Bluetooth2021.a(CyFlash.o)
 .text.CyEEPROM_ReadReserve
                0x00000000       0x1c .\CortexM3\ARM_GCC_541\Debug\Bluetooth2021.a(CyFlash.o)
 .text.CyEEPROM_ReadRelease
                0x00000000       0x10 .\CortexM3\ARM_GCC_541\Debug\Bluetooth2021.a(CyFlash.o)
 COMMON         0x00000000        0x2 .\CortexM3\ARM_GCC_541\Debug\Bluetooth2021.a(CyFlash.o)
 .text          0x00000000        0x0 .\CortexM3\ARM_GCC_541\Debug\Bluetooth2021.a(CySpc.o)
 .data          0x00000000        0x0 .\CortexM3\ARM_GCC_541\Debug\Bluetooth2021.a(CySpc.o)
 .bss           0x00000000        0x8 .\CortexM3\ARM_GCC_541\Debug\Bluetooth2021.a(CySpc.o)
 .text.CySpcStart
                0x00000000       0x24 .\CortexM3\ARM_GCC_541\Debug\Bluetooth2021.a(CySpc.o)
 .text.CySpcStop
                0x00000000       0x24 .\CortexM3\ARM_GCC_541\Debug\Bluetooth2021.a(CySpc.o)
 .text.CySpcReadData
                0x00000000       0x34 .\CortexM3\ARM_GCC_541\Debug\Bluetooth2021.a(CySpc.o)
 .text.CySpcLoadMultiByte
                0x00000000       0x78 .\CortexM3\ARM_GCC_541\Debug\Bluetooth2021.a(CySpc.o)
 .text.CySpcLoadRow
                0x00000000       0x50 .\CortexM3\ARM_GCC_541\Debug\Bluetooth2021.a(CySpc.o)
 .text.CySpcLoadRowFull
                0x00000000       0x80 .\CortexM3\ARM_GCC_541\Debug\Bluetooth2021.a(CySpc.o)
 .text.CySpcWriteRow
                0x00000000       0x4c .\CortexM3\ARM_GCC_541\Debug\Bluetooth2021.a(CySpc.o)
 .text.CySpcEraseSector
                0x00000000       0x3c .\CortexM3\ARM_GCC_541\Debug\Bluetooth2021.a(CySpc.o)
 .text.CySpcEraseRow
                0x00000000       0x4c .\CortexM3\ARM_GCC_541\Debug\Bluetooth2021.a(CySpc.o)
 .text.CySpcGetTemp
                0x00000000       0x3c .\CortexM3\ARM_GCC_541\Debug\Bluetooth2021.a(CySpc.o)
 .text.CySpcLock
                0x00000000       0x4c .\CortexM3\ARM_GCC_541\Debug\Bluetooth2021.a(CySpc.o)
 .text.CySpcUnlock
                0x00000000       0x38 .\CortexM3\ARM_GCC_541\Debug\Bluetooth2021.a(CySpc.o)
 .text.CySpcGetAlgorithm
                0x00000000       0x28 .\CortexM3\ARM_GCC_541\Debug\Bluetooth2021.a(CySpc.o)
 .text          0x00000000        0x0 c:/program files (x86)/cypress/psoc creator/4.4/psoc creator/import/gnu/arm/5.4.1/bin/../lib/gcc/arm-none-eabi/5.4.1/../../../../arm-none-eabi/lib/armv7-m\libg_nano.a(lib_a-errno.o)
 .data          0x00000000        0x0 c:/program files (x86)/cypress/psoc creator/4.4/psoc creator/import/gnu/arm/5.4.1/bin/../lib/gcc/arm-none-eabi/5.4.1/../../../../arm-none-eabi/lib/armv7-m\libg_nano.a(lib_a-errno.o)
 .bss           0x00000000        0x0 c:/program files (x86)/cypress/psoc creator/4.4/psoc creator/import/gnu/arm/5.4.1/bin/../lib/gcc/arm-none-eabi/5.4.1/../../../../arm-none-eabi/lib/armv7-m\libg_nano.a(lib_a-errno.o)
 .text          0x00000000        0x0 c:/program files (x86)/cypress/psoc creator/4.4/psoc creator/import/gnu/arm/5.4.1/bin/../lib/gcc/arm-none-eabi/5.4.1/../../../../arm-none-eabi/lib/armv7-m\libg_nano.a(lib_a-exit.o)
 .data          0x00000000        0x0 c:/program files (x86)/cypress/psoc creator/4.4/psoc creator/import/gnu/arm/5.4.1/bin/../lib/gcc/arm-none-eabi/5.4.1/../../../../arm-none-eabi/lib/armv7-m\libg_nano.a(lib_a-exit.o)
 .bss           0x00000000        0x0 c:/program files (x86)/cypress/psoc creator/4.4/psoc creator/import/gnu/arm/5.4.1/bin/../lib/gcc/arm-none-eabi/5.4.1/../../../../arm-none-eabi/lib/armv7-m\libg_nano.a(lib_a-exit.o)
 .text.exit     0x00000000       0x28 c:/program files (x86)/cypress/psoc creator/4.4/psoc creator/import/gnu/arm/5.4.1/bin/../lib/gcc/arm-none-eabi/5.4.1/../../../../arm-none-eabi/lib/armv7-m\libg_nano.a(lib_a-exit.o)
 .text          0x00000000        0x0 c:/program files (x86)/cypress/psoc creator/4.4/psoc creator/import/gnu/arm/5.4.1/bin/../lib/gcc/arm-none-eabi/5.4.1/../../../../arm-none-eabi/lib/armv7-m\libg_nano.a(lib_a-impure.o)
 .data          0x00000000        0x0 c:/program files (x86)/cypress/psoc creator/4.4/psoc creator/import/gnu/arm/5.4.1/bin/../lib/gcc/arm-none-eabi/5.4.1/../../../../arm-none-eabi/lib/armv7-m\libg_nano.a(lib_a-impure.o)
 .bss           0x00000000        0x0 c:/program files (x86)/cypress/psoc creator/4.4/psoc creator/import/gnu/arm/5.4.1/bin/../lib/gcc/arm-none-eabi/5.4.1/../../../../arm-none-eabi/lib/armv7-m\libg_nano.a(lib_a-impure.o)
 .rodata._global_impure_ptr
                0x00000000        0x4 c:/program files (x86)/cypress/psoc creator/4.4/psoc creator/import/gnu/arm/5.4.1/bin/../lib/gcc/arm-none-eabi/5.4.1/../../../../arm-none-eabi/lib/armv7-m\libg_nano.a(lib_a-impure.o)
 .text          0x00000000        0x0 c:/program files (x86)/cypress/psoc creator/4.4/psoc creator/import/gnu/arm/5.4.1/bin/../lib/gcc/arm-none-eabi/5.4.1/../../../../arm-none-eabi/lib/armv7-m\libg_nano.a(lib_a-init.o)
 .data          0x00000000        0x0 c:/program files (x86)/cypress/psoc creator/4.4/psoc creator/import/gnu/arm/5.4.1/bin/../lib/gcc/arm-none-eabi/5.4.1/../../../../arm-none-eabi/lib/armv7-m\libg_nano.a(lib_a-init.o)
 .bss           0x00000000        0x0 c:/program files (x86)/cypress/psoc creator/4.4/psoc creator/import/gnu/arm/5.4.1/bin/../lib/gcc/arm-none-eabi/5.4.1/../../../../arm-none-eabi/lib/armv7-m\libg_nano.a(lib_a-init.o)
 .text          0x00000000        0x0 c:/program files (x86)/cypress/psoc creator/4.4/psoc creator/import/gnu/arm/5.4.1/bin/../lib/gcc/arm-none-eabi/5.4.1/../../../../arm-none-eabi/lib/armv7-m\libg_nano.a(lib_a-memcpy-stub.o)
 .data          0x00000000        0x0 c:/program files (x86)/cypress/psoc creator/4.4/psoc creator/import/gnu/arm/5.4.1/bin/../lib/gcc/arm-none-eabi/5.4.1/../../../../arm-none-eabi/lib/armv7-m\libg_nano.a(lib_a-memcpy-stub.o)
 .bss           0x00000000        0x0 c:/program files (x86)/cypress/psoc creator/4.4/psoc creator/import/gnu/arm/5.4.1/bin/../lib/gcc/arm-none-eabi/5.4.1/../../../../arm-none-eabi/lib/armv7-m\libg_nano.a(lib_a-memcpy-stub.o)
 .text          0x00000000        0x0 c:/program files (x86)/cypress/psoc creator/4.4/psoc creator/import/gnu/arm/5.4.1/bin/../lib/gcc/arm-none-eabi/5.4.1/../../../../arm-none-eabi/lib/armv7-m\libg_nano.a(lib_a-memset.o)
 .data          0x00000000        0x0 c:/program files (x86)/cypress/psoc creator/4.4/psoc creator/import/gnu/arm/5.4.1/bin/../lib/gcc/arm-none-eabi/5.4.1/../../../../arm-none-eabi/lib/armv7-m\libg_nano.a(lib_a-memset.o)
 .bss           0x00000000        0x0 c:/program files (x86)/cypress/psoc creator/4.4/psoc creator/import/gnu/arm/5.4.1/bin/../lib/gcc/arm-none-eabi/5.4.1/../../../../arm-none-eabi/lib/armv7-m\libg_nano.a(lib_a-memset.o)
 .text          0x00000000       0x10 c:/program files (x86)/cypress/psoc creator/4.4/psoc creator/import/gnu/arm/5.4.1/bin/../lib/gcc/arm-none-eabi/5.4.1/../../../../arm-none-eabi/lib/armv7-m\libg_nano.a(lib_a-strlen.o)
 .data          0x00000000        0x0 c:/program files (x86)/cypress/psoc creator/4.4/psoc creator/import/gnu/arm/5.4.1/bin/../lib/gcc/arm-none-eabi/5.4.1/../../../../arm-none-eabi/lib/armv7-m\libg_nano.a(lib_a-strlen.o)
 .bss           0x00000000        0x0 c:/program files (x86)/cypress/psoc creator/4.4/psoc creator/import/gnu/arm/5.4.1/bin/../lib/gcc/arm-none-eabi/5.4.1/../../../../arm-none-eabi/lib/armv7-m\libg_nano.a(lib_a-strlen.o)
 .text          0x00000000        0x0 c:/program files (x86)/cypress/psoc creator/4.4/psoc creator/import/gnu/arm/5.4.1/bin/../lib/gcc/arm-none-eabi/5.4.1/armv7-m/crtend.o
 .data          0x00000000        0x0 c:/program files (x86)/cypress/psoc creator/4.4/psoc creator/import/gnu/arm/5.4.1/bin/../lib/gcc/arm-none-eabi/5.4.1/armv7-m/crtend.o
 .bss           0x00000000        0x0 c:/program files (x86)/cypress/psoc creator/4.4/psoc creator/import/gnu/arm/5.4.1/bin/../lib/gcc/arm-none-eabi/5.4.1/armv7-m/crtend.o
 .text          0x00000000        0x0 c:/program files (x86)/cypress/psoc creator/4.4/psoc creator/import/gnu/arm/5.4.1/bin/../lib/gcc/arm-none-eabi/5.4.1/armv7-m/crtn.o
 .data          0x00000000        0x0 c:/program files (x86)/cypress/psoc creator/4.4/psoc creator/import/gnu/arm/5.4.1/bin/../lib/gcc/arm-none-eabi/5.4.1/armv7-m/crtn.o
 .bss           0x00000000        0x0 c:/program files (x86)/cypress/psoc creator/4.4/psoc creator/import/gnu/arm/5.4.1/bin/../lib/gcc/arm-none-eabi/5.4.1/armv7-m/crtn.o

Memory Configuration

Name             Origin             Length             Attributes
rom              0x00000000         0x00040000         xr
ram              0x1fff8000         0x00010000         xrw
*default*        0x00000000         0xffffffff

Linker script and memory map

LOAD c:/program files (x86)/cypress/psoc creator/4.4/psoc creator/import/gnu/arm/5.4.1/bin/../lib/gcc/arm-none-eabi/5.4.1/armv7-m/crti.o
LOAD c:/program files (x86)/cypress/psoc creator/4.4/psoc creator/import/gnu/arm/5.4.1/bin/../lib/gcc/arm-none-eabi/5.4.1/armv7-m/crtbegin.o
LOAD c:/program files (x86)/cypress/psoc creator/4.4/psoc creator/import/gnu/arm/5.4.1/bin/../lib/gcc/arm-none-eabi/5.4.1/../../../../arm-none-eabi/lib/armv7-m/crt0.o
START GROUP
LOAD .\CortexM3\ARM_GCC_541\Debug\main.o
LOAD .\CortexM3\ARM_GCC_541\Debug\LiquidCrystal_I2C.o
LOAD .\CortexM3\ARM_GCC_541\Debug\cyfitter_cfg.o
LOAD .\CortexM3\ARM_GCC_541\Debug\cymetadata.o
LOAD .\CortexM3\ARM_GCC_541\Debug\Cm3Start.o
LOAD .\CortexM3\ARM_GCC_541\Debug\Bluetooth2021.a
LOAD C:\Program Files (x86)\Cypress\PSoC Creator\4.4\PSoC Creator\psoc\content\cycomponentlibrary\CyComponentLibrary.cylib\CortexM3\ARM_GCC_541\Debug\CyComponentLibrary.a
END GROUP
START GROUP
LOAD c:/program files (x86)/cypress/psoc creator/4.4/psoc creator/import/gnu/arm/5.4.1/bin/../lib/gcc/arm-none-eabi/5.4.1/armv7-m\libgcc.a
LOAD c:/program files (x86)/cypress/psoc creator/4.4/psoc creator/import/gnu/arm/5.4.1/bin/../lib/gcc/arm-none-eabi/5.4.1/../../../../arm-none-eabi/lib/armv7-m\libg_nano.a
LOAD c:/program files (x86)/cypress/psoc creator/4.4/psoc creator/import/gnu/arm/5.4.1/bin/../lib/gcc/arm-none-eabi/5.4.1/../../../../arm-none-eabi/lib/armv7-m\libc_nano.a
END GROUP
START GROUP
LOAD c:/program files (x86)/cypress/psoc creator/4.4/psoc creator/import/gnu/arm/5.4.1/bin/../lib/gcc/arm-none-eabi/5.4.1/armv7-m\libgcc.a
LOAD c:/program files (x86)/cypress/psoc creator/4.4/psoc creator/import/gnu/arm/5.4.1/bin/../lib/gcc/arm-none-eabi/5.4.1/../../../../arm-none-eabi/lib/armv7-m\libc_nano.a
END GROUP
LOAD c:/program files (x86)/cypress/psoc creator/4.4/psoc creator/import/gnu/arm/5.4.1/bin/../lib/gcc/arm-none-eabi/5.4.1/armv7-m/crtend.o
LOAD c:/program files (x86)/cypress/psoc creator/4.4/psoc creator/import/gnu/arm/5.4.1/bin/../lib/gcc/arm-none-eabi/5.4.1/armv7-m/crtn.o
START GROUP
LOAD c:/program files (x86)/cypress/psoc creator/4.4/psoc creator/import/gnu/arm/5.4.1/bin/../lib/gcc/arm-none-eabi/5.4.1/armv7-m\libgcc.a
LOAD c:/program files (x86)/cypress/psoc creator/4.4/psoc creator/import/gnu/arm/5.4.1/bin/../lib/gcc/arm-none-eabi/5.4.1/../../../../arm-none-eabi/lib/armv7-m\libc.a
LOAD c:/program files (x86)/cypress/psoc creator/4.4/psoc creator/import/gnu/arm/5.4.1/bin/../lib/gcc/arm-none-eabi/5.4.1/../../../../arm-none-eabi/lib/armv7-m\libnosys.a
END GROUP
                0x00000000                CY_APPL_ORIGIN = 0x0
                0x00000100                CY_FLASH_ROW_SIZE = 0x100
                0x00000020                CY_ECC_ROW_SIZE = 0x20
                0x00000000                CY_EE_IN_BTLDR = 0x0
                0x00000000                CY_APPL_LOADABLE = 0x0
                0x00000800                CY_EE_SIZE = 0x800
                0x00000001                CY_APPL_NUM = 0x1
                0x00000001                CY_APPL_MAX = 0x1
                0x00000040                CY_METADATA_SIZE = 0x40
                0x00000000                CY_APPL_LOADABLE = 0x0
                0x00000000                CY_CHECKSUM_EXCLUDE_SIZE = ALIGN (0x0, CY_FLASH_ROW_SIZE)
                [!provide]                PROVIDE (__cy_heap_start, _end)
                0x00000001                PROVIDE (__cy_region_num, ((__cy_regions_end - __cy_regions) / 0x10))
                0x20008000                PROVIDE (__cy_stack, (ORIGIN (ram) + LENGTH (ram)))
                [!provide]                PROVIDE (__cy_heap_end, (__cy_stack - 0x800))

.cybootloader   0x00000000        0x0
 *(.cybootloader)
                0x00000000                appl1_start = CY_APPL_ORIGIN?CY_APPL_ORIGIN:ALIGN (CY_FLASH_ROW_SIZE)
                0x0001ff00                appl2_start = (appl1_start + ALIGN ((((LENGTH (rom) - appl1_start) - (0x2 * CY_FLASH_ROW_SIZE)) / 0x2), CY_FLASH_ROW_SIZE))
                0x00000000                appl_start = (CY_APPL_NUM == 0x1)?appl1_start:appl2_start
                0x00000000                ecc_offset = ((appl_start / CY_FLASH_ROW_SIZE) * CY_ECC_ROW_SIZE)
                0x00000000                ee_offset = (CY_APPL_LOADABLE && ! (CY_EE_IN_BTLDR))?((CY_EE_SIZE / CY_APPL_MAX) * (CY_APPL_NUM - 0x1)):0x0
                0x00000800                ee_size = (CY_APPL_LOADABLE && ! (CY_EE_IN_BTLDR))?(CY_EE_SIZE / CY_APPL_MAX):CY_EE_SIZE
                [!provide]                PROVIDE (CY_ECC_OFFSET, ecc_offset)

.text           0x00000000      0xe06
 CREATE_OBJECT_SYMBOLS
                0x00000000                PROVIDE (__cy_interrupt_vector, RomVectors)
 *(.romvectors)
 .romvectors    0x00000000       0x10 .\CortexM3\ARM_GCC_541\Debug\Cm3Start.o
                0x00000000                RomVectors
                0x00000001                ASSERT ((. != __cy_interrupt_vector), No interrupt vector)
                0x00000001                ASSERT (CY_APPL_ORIGIN?(SIZEOF (.cybootloader) <= CY_APPL_ORIGIN):0x1, Wrong image location)
                0x00000010                PROVIDE (__cy_reset, Reset)
 *(.text.Reset)
 .text.Reset    0x00000010       0x18 .\CortexM3\ARM_GCC_541\Debug\Cm3Start.o
                0x00000010                Reset
                0x00000001                ASSERT ((. != __cy_reset), No reset code)
 *(.dma_init)
                0x00000001                ASSERT ((((appl_start + .) <= 0x10000) || 0x1), DMA Init must be within the first 64k of flash)
 *(.text .text.* .gnu.linkonce.t.*)
 .text          0x00000028       0x5c c:/program files (x86)/cypress/psoc creator/4.4/psoc creator/import/gnu/arm/5.4.1/bin/../lib/gcc/arm-none-eabi/5.4.1/armv7-m/crtbegin.o
 .text.InterruptRX
                0x00000084       0x60 .\CortexM3\ARM_GCC_541\Debug\main.o
                0x00000084                InterruptRX
 .text.main     0x000000e4       0x38 .\CortexM3\ARM_GCC_541\Debug\main.o
                0x000000e4                main
 .text.LiquidCrystal_I2C_init
                0x0000011c       0x30 .\CortexM3\ARM_GCC_541\Debug\LiquidCrystal_I2C.o
                0x0000011c                LiquidCrystal_I2C_init
 .text.I2C_M_write_byte
                0x0000014c       0x18 .\CortexM3\ARM_GCC_541\Debug\LiquidCrystal_I2C.o
                0x0000014c                I2C_M_write_byte
 .text.expanderWrite
                0x00000164       0x1c .\CortexM3\ARM_GCC_541\Debug\LiquidCrystal_I2C.o
                0x00000164                expanderWrite
 .text.pulseEnable
                0x00000180       0x24 .\CortexM3\ARM_GCC_541\Debug\LiquidCrystal_I2C.o
                0x00000180                pulseEnable
 .text.write4bits
                0x000001a4       0x10 .\CortexM3\ARM_GCC_541\Debug\LiquidCrystal_I2C.o
                0x000001a4                write4bits
 .text.send     0x000001b4       0x20 .\CortexM3\ARM_GCC_541\Debug\LiquidCrystal_I2C.o
                0x000001b4                send
 .text.command  0x000001d4        0xc .\CortexM3\ARM_GCC_541\Debug\LiquidCrystal_I2C.o
                0x000001d4                command
 .text.clear    0x000001e0       0x10 .\CortexM3\ARM_GCC_541\Debug\LiquidCrystal_I2C.o
                0x000001e0                clear
 .text.home     0x000001f0       0x10 .\CortexM3\ARM_GCC_541\Debug\LiquidCrystal_I2C.o
                0x000001f0                home
 .text.setCursor
                0x00000200       0x44 .\CortexM3\ARM_GCC_541\Debug\LiquidCrystal_I2C.o
                0x00000200                setCursor
 .text.display  0x00000244       0x1c .\CortexM3\ARM_GCC_541\Debug\LiquidCrystal_I2C.o
                0x00000244                display
 .text.clearDisplay
                0x00000260       0x10 .\CortexM3\ARM_GCC_541\Debug\LiquidCrystal_I2C.o
                0x00000260                clearDisplay
 .text.write    0x00000270        0xc .\CortexM3\ARM_GCC_541\Debug\LiquidCrystal_I2C.o
                0x00000270                write
 .text.LCD_printChar
                0x0000027c        0x8 .\CortexM3\ARM_GCC_541\Debug\LiquidCrystal_I2C.o
                0x0000027c                LCD_printChar
 .text.begin    0x00000284       0xb4 .\CortexM3\ARM_GCC_541\Debug\LiquidCrystal_I2C.o
                0x00000284                begin
 .text.CyClockStartupError
                0x00000338        0x4 .\CortexM3\ARM_GCC_541\Debug\cyfitter_cfg.o
 .text.cfg_write_bytes32
                0x0000033c       0x34 .\CortexM3\ARM_GCC_541\Debug\cyfitter_cfg.o
 .text.AnalogSetDefault
                0x00000370       0x28 .\CortexM3\ARM_GCC_541\Debug\cyfitter_cfg.o
 .text.CYMEMZERO
                0x00000398        0xc .\CortexM3\ARM_GCC_541\Debug\cyfitter_cfg.o
 .text.ClockSetup
                0x000003a4       0xcc .\CortexM3\ARM_GCC_541\Debug\cyfitter_cfg.o
 .text.CYCONFIGCPY
                0x00000470        0x8 .\CortexM3\ARM_GCC_541\Debug\cyfitter_cfg.o
 .text.cyfitter_cfg
                0x00000478      0x110 .\CortexM3\ARM_GCC_541\Debug\cyfitter_cfg.o
                0x00000478                cyfitter_cfg
 .text.IntDefaultHandler
                0x00000588       0x10 .\CortexM3\ARM_GCC_541\Debug\Cm3Start.o
                0x00000588                IntDefaultHandler
 .text.Start_c  0x00000598       0x4c .\CortexM3\ARM_GCC_541\Debug\Cm3Start.o
                0x00000598                Start_c
 .text.initialize_psoc
                0x000005e4       0x68 .\CortexM3\ARM_GCC_541\Debug\Cm3Start.o
                0x000005e4                initialize_psoc
 .text.CyHalt   0x0000064c        0x4 .\CortexM3\ARM_GCC_541\Debug\Bluetooth2021.a(CyLib.o)
                0x0000064c                CyHalt
 .text.CyDelay  0x00000650       0x2c .\CortexM3\ARM_GCC_541\Debug\Bluetooth2021.a(CyLib.o)
                0x00000650                CyDelay
 .text.CyDelayUs
                0x0000067c       0x14 .\CortexM3\ARM_GCC_541\Debug\Bluetooth2021.a(CyLib.o)
                0x0000067c                CyDelayUs
 .text.CyIntSetVector
                0x00000690       0x28 .\CortexM3\ARM_GCC_541\Debug\Bluetooth2021.a(CyLib.o)
                0x00000690                CyIntSetVector
 .text.CyIntSetPriority
                0x000006b8       0x30 .\CortexM3\ARM_GCC_541\Debug\Bluetooth2021.a(CyLib.o)
                0x000006b8                CyIntSetPriority
 .text.UART_Init
                0x000006e8       0x14 .\CortexM3\ARM_GCC_541\Debug\Bluetooth2021.a(UART.o)
                0x000006e8                UART_Init
 .text.UART_Enable
                0x000006fc       0x2c .\CortexM3\ARM_GCC_541\Debug\Bluetooth2021.a(UART.o)
                0x000006fc                UART_Enable
 .text.UART_Start
                0x00000728       0x1c .\CortexM3\ARM_GCC_541\Debug\Bluetooth2021.a(UART.o)
                0x00000728                UART_Start
 .text.UART_GetChar
                0x00000744       0x2c .\CortexM3\ARM_GCC_541\Debug\Bluetooth2021.a(UART.o)
                0x00000744                UART_GetChar
 .text.I2C_Init
                0x00000770       0x68 .\CortexM3\ARM_GCC_541\Debug\Bluetooth2021.a(I2C.o)
                0x00000770                I2C_Init
 .text.I2C_Enable
                0x000007d8       0x24 .\CortexM3\ARM_GCC_541\Debug\Bluetooth2021.a(I2C.o)
                0x000007d8                I2C_Enable
 .text.I2C_Start
                0x000007fc       0x28 .\CortexM3\ARM_GCC_541\Debug\Bluetooth2021.a(I2C.o)
                0x000007fc                I2C_Start
 .text.I2C_ISR  0x00000824      0x2d0 .\CortexM3\ARM_GCC_541\Debug\Bluetooth2021.a(I2C_INT.o)
                0x00000824                I2C_ISR
 .text.I2C_MasterSendStart
                0x00000af4       0x80 .\CortexM3\ARM_GCC_541\Debug\Bluetooth2021.a(I2C_MASTER.o)
                0x00000af4                I2C_MasterSendStart
 .text.I2C_MasterSendStop
                0x00000b74       0x38 .\CortexM3\ARM_GCC_541\Debug\Bluetooth2021.a(I2C_MASTER.o)
                0x00000b74                I2C_MasterSendStop
 .text.I2C_MasterWriteByte
                0x00000bac       0x58 .\CortexM3\ARM_GCC_541\Debug\Bluetooth2021.a(I2C_MASTER.o)
                0x00000bac                I2C_MasterWriteByte
 .text.PWM_Enable
                0x00000c04       0x10 .\CortexM3\ARM_GCC_541\Debug\Bluetooth2021.a(PWM.o)
                0x00000c04                PWM_Enable
 .text.PWM_WriteCounter
                0x00000c14        0xc .\CortexM3\ARM_GCC_541\Debug\Bluetooth2021.a(PWM.o)
                0x00000c14                PWM_WriteCounter
 .text.PWM_WritePeriod
                0x00000c20        0xc .\CortexM3\ARM_GCC_541\Debug\Bluetooth2021.a(PWM.o)
                0x00000c20                PWM_WritePeriod
 .text.PWM_WriteCompare
                0x00000c2c        0xc .\CortexM3\ARM_GCC_541\Debug\Bluetooth2021.a(PWM.o)
                0x00000c2c                PWM_WriteCompare
 .text.PWM_SetInterruptMode
                0x00000c38        0xc .\CortexM3\ARM_GCC_541\Debug\Bluetooth2021.a(PWM.o)
                0x00000c38                PWM_SetInterruptMode
 .text.PWM_ReadStatusRegister
                0x00000c44        0xc .\CortexM3\ARM_GCC_541\Debug\Bluetooth2021.a(PWM.o)
                0x00000c44                PWM_ReadStatusRegister
 .text.PWM_ReadCapture
                0x00000c50        0xc .\CortexM3\ARM_GCC_541\Debug\Bluetooth2021.a(PWM.o)
                0x00000c50                PWM_ReadCapture
 .text.PWM_ClearFIFO
                0x00000c5c       0x14 .\CortexM3\ARM_GCC_541\Debug\Bluetooth2021.a(PWM.o)
                0x00000c5c                PWM_ClearFIFO
 .text.PWM_Init
                0x00000c70       0x50 .\CortexM3\ARM_GCC_541\Debug\Bluetooth2021.a(PWM.o)
                0x00000c70                PWM_Init
 .text.PWM_Start
                0x00000cc0       0x1c .\CortexM3\ARM_GCC_541\Debug\Bluetooth2021.a(PWM.o)
                0x00000cc0                PWM_Start
 .text.Clock_Start
                0x00000cdc       0x1c .\CortexM3\ARM_GCC_541\Debug\Bluetooth2021.a(Clock.o)
                0x00000cdc                Clock_Start
 .text.RXisr_SetVector
                0x00000cf8        0xc .\CortexM3\ARM_GCC_541\Debug\Bluetooth2021.a(RXisr.o)
                0x00000cf8                RXisr_SetVector
 .text.RXisr_SetPriority
                0x00000d04       0x10 .\CortexM3\ARM_GCC_541\Debug\Bluetooth2021.a(RXisr.o)
                0x00000d04                RXisr_SetPriority
 .text.RXisr_Enable
                0x00000d14        0xc .\CortexM3\ARM_GCC_541\Debug\Bluetooth2021.a(RXisr.o)
                0x00000d14                RXisr_Enable
 .text.RXisr_Disable
                0x00000d20        0xc .\CortexM3\ARM_GCC_541\Debug\Bluetooth2021.a(RXisr.o)
                0x00000d20                RXisr_Disable
 .text.RXisr_StartEx
                0x00000d2c       0x1c .\CortexM3\ARM_GCC_541\Debug\Bluetooth2021.a(RXisr.o)
                0x00000d2c                RXisr_StartEx
 .text.UART_IntClock_Start
                0x00000d48       0x1c .\CortexM3\ARM_GCC_541\Debug\Bluetooth2021.a(UART_IntClock.o)
                0x00000d48                UART_IntClock_Start
 *fill*         0x00000d64        0x4 
 .text          0x00000d68       0x20 .\CortexM3\ARM_GCC_541\Debug\Bluetooth2021.a(CyBootAsmGnu.o)
                0x00000d68                CyDelayCycles
                0x00000d78                CyEnterCriticalSection
                0x00000d80                CyExitCriticalSection
 .text.__errno  0x00000d88        0xc c:/program files (x86)/cypress/psoc creator/4.4/psoc creator/import/gnu/arm/5.4.1/bin/../lib/gcc/arm-none-eabi/5.4.1/../../../../arm-none-eabi/lib/armv7-m\libg_nano.a(lib_a-errno.o)
                0x00000d88                __errno
 .text.__libc_init_array
                0x00000d94       0x4c c:/program files (x86)/cypress/psoc creator/4.4/psoc creator/import/gnu/arm/5.4.1/bin/../lib/gcc/arm-none-eabi/5.4.1/../../../../arm-none-eabi/lib/armv7-m\libg_nano.a(lib_a-init.o)
                0x00000d94                __libc_init_array
 .text.memcpy   0x00000de0       0x16 c:/program files (x86)/cypress/psoc creator/4.4/psoc creator/import/gnu/arm/5.4.1/bin/../lib/gcc/arm-none-eabi/5.4.1/../../../../arm-none-eabi/lib/armv7-m\libg_nano.a(lib_a-memcpy-stub.o)
                0x00000de0                memcpy
 .text.memset   0x00000df6       0x10 c:/program files (x86)/cypress/psoc creator/4.4/psoc creator/import/gnu/arm/5.4.1/bin/../lib/gcc/arm-none-eabi/5.4.1/../../../../arm-none-eabi/lib/armv7-m\libg_nano.a(lib_a-memset.o)
                0x00000df6                memset
 *(.plt)
 *(.gnu.warning)
 *(.glue_7t)
 .glue_7t       0x00000e06        0x0 linker stubs
 *(.glue_7)
 .glue_7        0x00000e06        0x0 linker stubs
 *(.vfp11_veneer)
 .vfp11_veneer  0x00000e06        0x0 linker stubs
 *(.bootloader)
 *(.ARM.extab* .gnu.linkonce.armextab.*)
 *(.gcc_except_table)

.v4_bx          0x00000e08        0x0
 .v4_bx         0x00000e08        0x0 linker stubs

.iplt           0x00000e08        0x0
 .iplt          0x00000e08        0x0 c:/program files (x86)/cypress/psoc creator/4.4/psoc creator/import/gnu/arm/5.4.1/bin/../lib/gcc/arm-none-eabi/5.4.1/armv7-m/crtbegin.o

.eh_frame_hdr
 *(.eh_frame_hdr)

.eh_frame       0x00000e08        0x4
 *(.eh_frame)
 .eh_frame      0x00000e08        0x0 c:/program files (x86)/cypress/psoc creator/4.4/psoc creator/import/gnu/arm/5.4.1/bin/../lib/gcc/arm-none-eabi/5.4.1/armv7-m/crtbegin.o
 .eh_frame      0x00000e08        0x4 c:/program files (x86)/cypress/psoc creator/4.4/psoc creator/import/gnu/arm/5.4.1/bin/../lib/gcc/arm-none-eabi/5.4.1/armv7-m/crtend.o
                [!provide]                PROVIDE (__exidx_start, .)

.ARM.exidx
 *(.ARM.exidx* .gnu.linkonce.armexidx.*)
                0x00000e0c                __exidx_end = .

.rodata         0x00000e0c       0x8c
 *(.rodata .rodata.* .gnu.linkonce.r.*)
 .rodata        0x00000e0c       0x10 .\CortexM3\ARM_GCC_541\Debug\LiquidCrystal_I2C.o
 .rodata        0x00000e1c       0x42 .\CortexM3\ARM_GCC_541\Debug\cyfitter_cfg.o
 .rodata.str1.1
                0x00000e5e        0x2 c:/program files (x86)/cypress/psoc creator/4.4/psoc creator/import/gnu/arm/5.4.1/bin/../lib/gcc/arm-none-eabi/5.4.1/../../../../arm-none-eabi/lib/armv7-m\libg_nano.a(lib_a-impure.o)
                0x00000e60                . = ALIGN (0x4)
 *(.init)
 .init          0x00000e60        0x4 c:/program files (x86)/cypress/psoc creator/4.4/psoc creator/import/gnu/arm/5.4.1/bin/../lib/gcc/arm-none-eabi/5.4.1/armv7-m/crti.o
                0x00000e60                _init
 .init          0x00000e64        0x8 c:/program files (x86)/cypress/psoc creator/4.4/psoc creator/import/gnu/arm/5.4.1/bin/../lib/gcc/arm-none-eabi/5.4.1/armv7-m/crtn.o
                0x00000e6c                . = ALIGN (0x4)
                0x00000e6c                __preinit_array_start = .
 *(.preinit_array)
                0x00000e6c                __preinit_array_end = .
                0x00000e6c                . = ALIGN (0x4)
                0x00000e6c                __init_array_start = .
 *(SORT(.init_array.*))
 *(.init_array)
 .init_array    0x00000e6c        0x4 c:/program files (x86)/cypress/psoc creator/4.4/psoc creator/import/gnu/arm/5.4.1/bin/../lib/gcc/arm-none-eabi/5.4.1/armv7-m/crtbegin.o
 .init_array    0x00000e70        0x4 .\CortexM3\ARM_GCC_541\Debug\Cm3Start.o
                0x00000e74                __init_array_end = .
                0x00000e74                . = ALIGN (0x4)
 *(.fini)
 .fini          0x00000e74        0x4 c:/program files (x86)/cypress/psoc creator/4.4/psoc creator/import/gnu/arm/5.4.1/bin/../lib/gcc/arm-none-eabi/5.4.1/armv7-m/crti.o
                0x00000e74                _fini
 .fini          0x00000e78        0x8 c:/program files (x86)/cypress/psoc creator/4.4/psoc creator/import/gnu/arm/5.4.1/bin/../lib/gcc/arm-none-eabi/5.4.1/armv7-m/crtn.o
                0x00000e80                . = ALIGN (0x4)
                0x00000e80                __fini_array_start = .
 *(.fini_array)
 .fini_array    0x00000e80        0x4 c:/program files (x86)/cypress/psoc creator/4.4/psoc creator/import/gnu/arm/5.4.1/bin/../lib/gcc/arm-none-eabi/5.4.1/armv7-m/crtbegin.o
 *(SORT(.fini_array.*))
                0x00000e84                __fini_array_end = .
                0x00000e84                . = ALIGN (0x4)
 *crtbegin.o(.ctors)
 *(EXCLUDE_FILE(*crtend.o) .ctors)
 *(SORT(.ctors.*))
 *crtend.o(.ctors)
                0x00000e84                . = ALIGN (0x4)
 *crtbegin.o(.dtors)
 *(EXCLUDE_FILE(*crtend.o) .dtors)
 *(SORT(.dtors.*))
 *crtend.o(.dtors)
                0x00000e84                . = ALIGN (0x4)
                0x00000e84                __cy_regions = .
                0x00000e84        0x4 LONG 0xe98 __cy_region_init_ram
                0x00000e88        0x4 LONG 0x1fff80c8 __cy_region_start_data
                0x00000e8c        0x4 LONG 0x80 __cy_region_init_size_ram
                0x00000e90        0x4 LONG 0x40 __cy_region_zero_size_ram
                0x00000e94                __cy_regions_end = .
                0x00000e98                . = ALIGN (0x8)
 *fill*         0x00000e94        0x4 
                0x00000e98                _etext = .

.cy_checksum_exclude
                0x00000e98        0x0
 *(.cy_checksum_exclude)

.ramvectors     0x1fff8000       0xc0
                0x1fff8000                __cy_region_start_ram = .
 *(.ramvectors)
 .ramvectors    0x1fff8000       0xc0 .\CortexM3\ARM_GCC_541\Debug\Cm3Start.o
                0x1fff8000                CyRamVectors

.noinit         0x1fff80c0        0x1
 *(.noinit)
 .noinit        0x1fff80c0        0x1 .\CortexM3\ARM_GCC_541\Debug\Bluetooth2021.a(CyLib.o)
                0x1fff80c0                CyResetStatus

.data           0x1fff80c8       0x80 load address 0x00000e98
                0x1fff80c8                __cy_region_start_data = .
 *(.jcr)
 .jcr           0x1fff80c8        0x0 c:/program files (x86)/cypress/psoc creator/4.4/psoc creator/import/gnu/arm/5.4.1/bin/../lib/gcc/arm-none-eabi/5.4.1/armv7-m/crtbegin.o
 .jcr           0x1fff80c8        0x4 c:/program files (x86)/cypress/psoc creator/4.4/psoc creator/import/gnu/arm/5.4.1/bin/../lib/gcc/arm-none-eabi/5.4.1/armv7-m/crtend.o
 *(.got.plt)
 *(.got)
 *(.shdata)
 *(.data .data.* .gnu.linkonce.d.*)
 .data          0x1fff80cc        0x1 .\CortexM3\ARM_GCC_541\Debug\main.o
                0x1fff80cc                Addr
 *fill*         0x1fff80cd        0x3 
 .data          0x1fff80d0       0x10 .\CortexM3\ARM_GCC_541\Debug\Bluetooth2021.a(CyLib.o)
                0x1fff80d0                cydelay_32k_ms
                0x1fff80d4                cydelay_freq_khz
                0x1fff80d8                cydelay_freq_mhz
                0x1fff80dc                cydelay_freq_hz
 .data.impure_data
                0x1fff80e0       0x60 c:/program files (x86)/cypress/psoc creator/4.4/psoc creator/import/gnu/arm/5.4.1/bin/../lib/gcc/arm-none-eabi/5.4.1/../../../../arm-none-eabi/lib/armv7-m\libg_nano.a(lib_a-impure.o)
 .data._impure_ptr
                0x1fff8140        0x4 c:/program files (x86)/cypress/psoc creator/4.4/psoc creator/import/gnu/arm/5.4.1/bin/../lib/gcc/arm-none-eabi/5.4.1/../../../../arm-none-eabi/lib/armv7-m\libg_nano.a(lib_a-impure.o)
                0x1fff8140                _impure_ptr
                0x1fff8148                . = ALIGN (0x8)
 *fill*         0x1fff8144        0x4 
 *(.ram)
                0x1fff8148                _edata = .

.igot.plt       0x1fff8148        0x0 load address 0x00000f18
 .igot.plt      0x1fff8148        0x0 c:/program files (x86)/cypress/psoc creator/4.4/psoc creator/import/gnu/arm/5.4.1/bin/../lib/gcc/arm-none-eabi/5.4.1/armv7-m/crtbegin.o

.bss            0x1fff8148       0x40 load address 0x00000f18
                0x1fff8148                PROVIDE (__bss_start__, .)
 *(.shbss)
 *(.bss .bss.* .gnu.linkonce.b.*)
 .bss           0x1fff8148       0x1c c:/program files (x86)/cypress/psoc creator/4.4/psoc creator/import/gnu/arm/5.4.1/bin/../lib/gcc/arm-none-eabi/5.4.1/armv7-m/crtbegin.o
 .bss           0x1fff8164        0x2 .\CortexM3\ARM_GCC_541\Debug\main.o
                0x1fff8164                fila
                0x1fff8165                columna
 .bss           0x1fff8166        0x1 .\CortexM3\ARM_GCC_541\Debug\Bluetooth2021.a(UART.o)
                0x1fff8166                UART_initVar
 .bss           0x1fff8167        0x1 .\CortexM3\ARM_GCC_541\Debug\Bluetooth2021.a(I2C.o)
                0x1fff8167                I2C_initVar
 .bss           0x1fff8168        0x1 .\CortexM3\ARM_GCC_541\Debug\Bluetooth2021.a(PWM.o)
                0x1fff8168                PWM_initVar
 *(COMMON)
 COMMON         0x1fff8169        0x1 .\CortexM3\ARM_GCC_541\Debug\main.o
                0x1fff8169                dato
 COMMON         0x1fff816a        0x8 .\CortexM3\ARM_GCC_541\Debug\LiquidCrystal_I2C.o
                0x1fff816a                _backlightval
                0x1fff816b                _addr
                0x1fff816c                _displaycontrol
                0x1fff816d                _charsize
                0x1fff816e                _displaymode
                0x1fff816f                _displayfunction
                0x1fff8170                _cols
                0x1fff8171                _rows
 COMMON         0x1fff8172        0x1 .\CortexM3\ARM_GCC_541\Debug\Bluetooth2021.a(I2C.o)
                0x1fff8172                I2C_state
 *fill*         0x1fff8173        0x1 
 COMMON         0x1fff8174       0x10 .\CortexM3\ARM_GCC_541\Debug\Bluetooth2021.a(I2C_MASTER.o)
                0x1fff8174                I2C_mstrWrBufIndex
                0x1fff8175                I2C_mstrWrBufSize
                0x1fff8176                I2C_mstrStatus
                0x1fff8178                I2C_mstrRdBufPtr
                0x1fff817c                I2C_mstrControl
                0x1fff817d                I2C_mstrRdBufSize
                0x1fff817e                I2C_mstrRdBufIndex
                0x1fff8180                I2C_mstrWrBufPtr
                0x1fff8188                . = ALIGN (0x8)
 *fill*         0x1fff8184        0x4 
 *(.ram.b)
                0x1fff8188                _end = .
                0x1fff8188                __end = .
                0x1fff8188                PROVIDE (end, .)
                0x1fff8188                PROVIDE (__bss_end__, .)
                0x00000e98                __cy_region_init_ram = LOADADDR (.data)
                0x00000080                __cy_region_init_size_ram = (_edata - ADDR (.data))
                0x00000040                __cy_region_zero_size_ram = (_end - _edata)

.heap           0x1fff8188       0x80 load address 0x00000f18
                0x1fff8188                . = _end
                0x1fff8208                . = (. + 0x80)
 *fill*         0x1fff8188       0x80 
                0x1fff8208                __cy_heap_limit = .

.stack          0x20007800      0x800
                0x20007800                __cy_stack_limit = .
                0x20008000                . = (. + 0x800)
 *fill*         0x20007800      0x800 
                0x00000001                ASSERT ((__cy_stack_limit >= __cy_heap_limit), region RAM overflowed with stack)
                0x00000000                cy_checksum_exclude_size = (CY_APPL_LOADABLE == 0x1)?SIZEOF (.cy_checksum_exclude):0x0
                0x00000001                ASSERT ((cy_checksum_exclude_size <= CY_CHECKSUM_EXCLUDE_SIZE), CY_BOOT: Section .cy_checksum_exclude size exceedes specified limit.)

.cyloadermeta
 *(.cyloadermeta)

.cyloadablemeta
 *(.cyloadablemeta)

.cyconfigecc    0x80000000      0x308
 *(.cyconfigecc)
 .cyconfigecc   0x80000000      0x308 .\CortexM3\ARM_GCC_541\Debug\cymetadata.o
                0x80000000                cy_meta_configecc

.cycustnvl      0x90000000        0x4
 *(.cycustnvl)
 .cycustnvl     0x90000000        0x4 .\CortexM3\ARM_GCC_541\Debug\cymetadata.o
                0x90000000                cy_meta_custnvl

.cywolatch      0x90100000        0x4
 *(.cywolatch)
 .cywolatch     0x90100000        0x4 .\CortexM3\ARM_GCC_541\Debug\cymetadata.o
                0x90100000                cy_meta_wonvl

.cyeeprom       0x90200000        0x0
 *(.cyeeprom)
                0x00000001                ASSERT ((. <= ((0x90200000 + ee_offset) + ee_size)), .cyeeprom data will not fit in EEPROM)

.cyflashprotect
                0x90400000      0x100
 *(.cyflashprotect)
 .cyflashprotect
                0x90400000      0x100 .\CortexM3\ARM_GCC_541\Debug\cymetadata.o
                0x90400000                cy_meta_flashprotect

.cymeta         0x90500000        0xc
 *(.cymeta)
 .cymeta        0x90500000        0xc .\CortexM3\ARM_GCC_541\Debug\cymetadata.o
                0x90500000                cy_metadata

.rel.dyn        0x00000f18        0x0 load address 0x9050000c
 .rel.iplt      0x00000f18        0x0 c:/program files (x86)/cypress/psoc creator/4.4/psoc creator/import/gnu/arm/5.4.1/bin/../lib/gcc/arm-none-eabi/5.4.1/armv7-m/crtbegin.o

.stab
 *(.stab)

.stabstr
 *(.stabstr)

.debug
 *(.debug)

.line
 *(.line)

.debug_srcinfo
 *(.debug_srcinfo)

.debug_sfnames
 *(.debug_sfnames)

.debug_aranges  0x00000000      0x9f8
 *(.debug_aranges)
 .debug_aranges
                0x00000000       0x28 .\CortexM3\ARM_GCC_541\Debug\main.o
 .debug_aranges
                0x00000028      0x118 .\CortexM3\ARM_GCC_541\Debug\LiquidCrystal_I2C.o
 .debug_aranges
                0x00000140       0x58 .\CortexM3\ARM_GCC_541\Debug\cyfitter_cfg.o
 .debug_aranges
                0x00000198       0x18 .\CortexM3\ARM_GCC_541\Debug\cymetadata.o
 .debug_aranges
                0x000001b0       0x48 .\CortexM3\ARM_GCC_541\Debug\Cm3Start.o
 .debug_aranges
                0x000001f8      0x2a0 .\CortexM3\ARM_GCC_541\Debug\Bluetooth2021.a(CyLib.o)
 .debug_aranges
                0x00000498       0x98 .\CortexM3\ARM_GCC_541\Debug\Bluetooth2021.a(cyPm.o)
 .debug_aranges
                0x00000530       0x98 .\CortexM3\ARM_GCC_541\Debug\Bluetooth2021.a(UART.o)
 .debug_aranges
                0x000005c8       0x38 .\CortexM3\ARM_GCC_541\Debug\Bluetooth2021.a(I2C.o)
 .debug_aranges
                0x00000600       0x20 .\CortexM3\ARM_GCC_541\Debug\Bluetooth2021.a(I2C_INT.o)
 .debug_aranges
                0x00000620       0x38 .\CortexM3\ARM_GCC_541\Debug\Bluetooth2021.a(I2C_PM.o)
 .debug_aranges
                0x00000658       0x80 .\CortexM3\ARM_GCC_541\Debug\Bluetooth2021.a(I2C_MASTER.o)
 .debug_aranges
                0x000006d8       0x98 .\CortexM3\ARM_GCC_541\Debug\Bluetooth2021.a(PWM.o)
 .debug_aranges
                0x00000770       0x70 .\CortexM3\ARM_GCC_541\Debug\Bluetooth2021.a(Clock.o)
 .debug_aranges
                0x000007e0       0x80 .\CortexM3\ARM_GCC_541\Debug\Bluetooth2021.a(RXisr.o)
 .debug_aranges
                0x00000860       0x70 .\CortexM3\ARM_GCC_541\Debug\Bluetooth2021.a(UART_IntClock.o)
 .debug_aranges
                0x000008d0       0x20 .\CortexM3\ARM_GCC_541\Debug\Bluetooth2021.a(CyBootAsmGnu.o)
 .debug_aranges
                0x000008f0       0x88 .\CortexM3\ARM_GCC_541\Debug\Bluetooth2021.a(CyFlash.o)
 .debug_aranges
                0x00000978       0x80 .\CortexM3\ARM_GCC_541\Debug\Bluetooth2021.a(CySpc.o)

.debug_pubnames
 *(.debug_pubnames)

.debug_info     0x00000000     0x5913
 *(.debug_info .gnu.linkonce.wi.*)
 .debug_info    0x00000000      0x23e .\CortexM3\ARM_GCC_541\Debug\main.o
 .debug_info    0x0000023e      0x98e .\CortexM3\ARM_GCC_541\Debug\LiquidCrystal_I2C.o
 .debug_info    0x00000bcc      0x594 .\CortexM3\ARM_GCC_541\Debug\cyfitter_cfg.o
 .debug_info    0x00001160      0x135 .\CortexM3\ARM_GCC_541\Debug\cymetadata.o
 .debug_info    0x00001295      0x3bb .\CortexM3\ARM_GCC_541\Debug\Cm3Start.o
 .debug_info    0x00001650     0x1374 .\CortexM3\ARM_GCC_541\Debug\Bluetooth2021.a(CyLib.o)
 .debug_info    0x000029c4      0xa2a .\CortexM3\ARM_GCC_541\Debug\Bluetooth2021.a(cyPm.o)
 .debug_info    0x000033ee      0x3a7 .\CortexM3\ARM_GCC_541\Debug\Bluetooth2021.a(UART.o)
 .debug_info    0x00003795      0x2ad .\CortexM3\ARM_GCC_541\Debug\Bluetooth2021.a(I2C.o)
 .debug_info    0x00003a42      0x184 .\CortexM3\ARM_GCC_541\Debug\Bluetooth2021.a(I2C_INT.o)
 .debug_info    0x00003bc6      0x207 .\CortexM3\ARM_GCC_541\Debug\Bluetooth2021.a(I2C_PM.o)
 .debug_info    0x00003dcd      0x407 .\CortexM3\ARM_GCC_541\Debug\Bluetooth2021.a(I2C_MASTER.o)
 .debug_info    0x000041d4      0x334 .\CortexM3\ARM_GCC_541\Debug\Bluetooth2021.a(PWM.o)
 .debug_info    0x00004508      0x283 .\CortexM3\ARM_GCC_541\Debug\Bluetooth2021.a(Clock.o)
 .debug_info    0x0000478b      0x2d2 .\CortexM3\ARM_GCC_541\Debug\Bluetooth2021.a(RXisr.o)
 .debug_info    0x00004a5d      0x283 .\CortexM3\ARM_GCC_541\Debug\Bluetooth2021.a(UART_IntClock.o)
 .debug_info    0x00004ce0       0x96 .\CortexM3\ARM_GCC_541\Debug\Bluetooth2021.a(CyBootAsmGnu.o)
 .debug_info    0x00004d76      0x64d .\CortexM3\ARM_GCC_541\Debug\Bluetooth2021.a(CyFlash.o)
 .debug_info    0x000053c3      0x550 .\CortexM3\ARM_GCC_541\Debug\Bluetooth2021.a(CySpc.o)

.debug_abbrev   0x00000000     0x1830
 *(.debug_abbrev)
 .debug_abbrev  0x00000000       0xce .\CortexM3\ARM_GCC_541\Debug\main.o
 .debug_abbrev  0x000000ce      0x167 .\CortexM3\ARM_GCC_541\Debug\LiquidCrystal_I2C.o
 .debug_abbrev  0x00000235      0x20d .\CortexM3\ARM_GCC_541\Debug\cyfitter_cfg.o
 .debug_abbrev  0x00000442       0x66 .\CortexM3\ARM_GCC_541\Debug\cymetadata.o
 .debug_abbrev  0x000004a8      0x1e8 .\CortexM3\ARM_GCC_541\Debug\Cm3Start.o
 .debug_abbrev  0x00000690      0x254 .\CortexM3\ARM_GCC_541\Debug\Bluetooth2021.a(CyLib.o)
 .debug_abbrev  0x000008e4      0x1ab .\CortexM3\ARM_GCC_541\Debug\Bluetooth2021.a(cyPm.o)
 .debug_abbrev  0x00000a8f      0x140 .\CortexM3\ARM_GCC_541\Debug\Bluetooth2021.a(UART.o)
 .debug_abbrev  0x00000bcf      0x10a .\CortexM3\ARM_GCC_541\Debug\Bluetooth2021.a(I2C.o)
 .debug_abbrev  0x00000cd9       0xb6 .\CortexM3\ARM_GCC_541\Debug\Bluetooth2021.a(I2C_INT.o)
 .debug_abbrev  0x00000d8f       0xfe .\CortexM3\ARM_GCC_541\Debug\Bluetooth2021.a(I2C_PM.o)
 .debug_abbrev  0x00000e8d      0x13c .\CortexM3\ARM_GCC_541\Debug\Bluetooth2021.a(I2C_MASTER.o)
 .debug_abbrev  0x00000fc9      0x133 .\CortexM3\ARM_GCC_541\Debug\Bluetooth2021.a(PWM.o)
 .debug_abbrev  0x000010fc      0x139 .\CortexM3\ARM_GCC_541\Debug\Bluetooth2021.a(Clock.o)
 .debug_abbrev  0x00001235      0x173 .\CortexM3\ARM_GCC_541\Debug\Bluetooth2021.a(RXisr.o)
 .debug_abbrev  0x000013a8      0x139 .\CortexM3\ARM_GCC_541\Debug\Bluetooth2021.a(UART_IntClock.o)
 .debug_abbrev  0x000014e1       0x14 .\CortexM3\ARM_GCC_541\Debug\Bluetooth2021.a(CyBootAsmGnu.o)
 .debug_abbrev  0x000014f5      0x1a7 .\CortexM3\ARM_GCC_541\Debug\Bluetooth2021.a(CyFlash.o)
 .debug_abbrev  0x0000169c      0x194 .\CortexM3\ARM_GCC_541\Debug\Bluetooth2021.a(CySpc.o)

.debug_line     0x00000000     0x27ec
 *(.debug_line)
 .debug_line    0x00000000      0x1d1 .\CortexM3\ARM_GCC_541\Debug\main.o
 .debug_line    0x000001d1      0x462 .\CortexM3\ARM_GCC_541\Debug\LiquidCrystal_I2C.o
 .debug_line    0x00000633      0x1f5 .\CortexM3\ARM_GCC_541\Debug\cyfitter_cfg.o
 .debug_line    0x00000828      0x141 .\CortexM3\ARM_GCC_541\Debug\cymetadata.o
 .debug_line    0x00000969      0x234 .\CortexM3\ARM_GCC_541\Debug\Cm3Start.o
 .debug_line    0x00000b9d      0x816 .\CortexM3\ARM_GCC_541\Debug\Bluetooth2021.a(CyLib.o)
 .debug_line    0x000013b3      0x367 .\CortexM3\ARM_GCC_541\Debug\Bluetooth2021.a(cyPm.o)
 .debug_line    0x0000171a      0x1a8 .\CortexM3\ARM_GCC_541\Debug\Bluetooth2021.a(UART.o)
 .debug_line    0x000018c2       0xd9 .\CortexM3\ARM_GCC_541\Debug\Bluetooth2021.a(I2C.o)
 .debug_line    0x0000199b      0x114 .\CortexM3\ARM_GCC_541\Debug\Bluetooth2021.a(I2C_INT.o)
 .debug_line    0x00001aaf       0xbb .\CortexM3\ARM_GCC_541\Debug\Bluetooth2021.a(I2C_PM.o)
 .debug_line    0x00001b6a      0x1fd .\CortexM3\ARM_GCC_541\Debug\Bluetooth2021.a(I2C_MASTER.o)
 .debug_line    0x00001d67      0x183 .\CortexM3\ARM_GCC_541\Debug\Bluetooth2021.a(PWM.o)
 .debug_line    0x00001eea      0x174 .\CortexM3\ARM_GCC_541\Debug\Bluetooth2021.a(Clock.o)
 .debug_line    0x0000205e      0x132 .\CortexM3\ARM_GCC_541\Debug\Bluetooth2021.a(RXisr.o)
 .debug_line    0x00002190      0x17c .\CortexM3\ARM_GCC_541\Debug\Bluetooth2021.a(UART_IntClock.o)
 .debug_line    0x0000230c       0x66 .\CortexM3\ARM_GCC_541\Debug\Bluetooth2021.a(CyBootAsmGnu.o)
 .debug_line    0x00002372      0x21a .\CortexM3\ARM_GCC_541\Debug\Bluetooth2021.a(CyFlash.o)
 .debug_line    0x0000258c      0x260 .\CortexM3\ARM_GCC_541\Debug\Bluetooth2021.a(CySpc.o)

.debug_frame    0x00000000     0x1a40
 *(.debug_frame)
 .debug_frame   0x00000000       0x4c .\CortexM3\ARM_GCC_541\Debug\main.o
 .debug_frame   0x0000004c      0x3a4 .\CortexM3\ARM_GCC_541\Debug\LiquidCrystal_I2C.o
 .debug_frame   0x000003f0       0xe4 .\CortexM3\ARM_GCC_541\Debug\cyfitter_cfg.o
 .debug_frame   0x000004d4       0xb8 .\CortexM3\ARM_GCC_541\Debug\Cm3Start.o
 .debug_frame   0x0000058c      0x738 .\CortexM3\ARM_GCC_541\Debug\Bluetooth2021.a(CyLib.o)
 .debug_frame   0x00000cc4      0x1f8 .\CortexM3\ARM_GCC_541\Debug\Bluetooth2021.a(cyPm.o)
 .debug_frame   0x00000ebc      0x14c .\CortexM3\ARM_GCC_541\Debug\Bluetooth2021.a(UART.o)
 .debug_frame   0x00001008       0x94 .\CortexM3\ARM_GCC_541\Debug\Bluetooth2021.a(I2C.o)
 .debug_frame   0x0000109c       0x30 .\CortexM3\ARM_GCC_541\Debug\Bluetooth2021.a(I2C_INT.o)
 .debug_frame   0x000010cc       0x74 .\CortexM3\ARM_GCC_541\Debug\Bluetooth2021.a(I2C_PM.o)
 .debug_frame   0x00001140      0x138 .\CortexM3\ARM_GCC_541\Debug\Bluetooth2021.a(I2C_MASTER.o)
 .debug_frame   0x00001278      0x134 .\CortexM3\ARM_GCC_541\Debug\Bluetooth2021.a(PWM.o)
 .debug_frame   0x000013ac       0xe0 .\CortexM3\ARM_GCC_541\Debug\Bluetooth2021.a(Clock.o)
 .debug_frame   0x0000148c      0x104 .\CortexM3\ARM_GCC_541\Debug\Bluetooth2021.a(RXisr.o)
 .debug_frame   0x00001590       0xe0 .\CortexM3\ARM_GCC_541\Debug\Bluetooth2021.a(UART_IntClock.o)
 .debug_frame   0x00001670      0x194 .\CortexM3\ARM_GCC_541\Debug\Bluetooth2021.a(CyFlash.o)
 .debug_frame   0x00001804      0x180 .\CortexM3\ARM_GCC_541\Debug\Bluetooth2021.a(CySpc.o)
 .debug_frame   0x00001984       0x20 c:/program files (x86)/cypress/psoc creator/4.4/psoc creator/import/gnu/arm/5.4.1/bin/../lib/gcc/arm-none-eabi/5.4.1/../../../../arm-none-eabi/lib/armv7-m\libg_nano.a(lib_a-errno.o)
 .debug_frame   0x000019a4       0x28 c:/program files (x86)/cypress/psoc creator/4.4/psoc creator/import/gnu/arm/5.4.1/bin/../lib/gcc/arm-none-eabi/5.4.1/../../../../arm-none-eabi/lib/armv7-m\libg_nano.a(lib_a-exit.o)
 .debug_frame   0x000019cc       0x2c c:/program files (x86)/cypress/psoc creator/4.4/psoc creator/import/gnu/arm/5.4.1/bin/../lib/gcc/arm-none-eabi/5.4.1/../../../../arm-none-eabi/lib/armv7-m\libg_nano.a(lib_a-init.o)
 .debug_frame   0x000019f8       0x28 c:/program files (x86)/cypress/psoc creator/4.4/psoc creator/import/gnu/arm/5.4.1/bin/../lib/gcc/arm-none-eabi/5.4.1/../../../../arm-none-eabi/lib/armv7-m\libg_nano.a(lib_a-memcpy-stub.o)
 .debug_frame   0x00001a20       0x20 c:/program files (x86)/cypress/psoc creator/4.4/psoc creator/import/gnu/arm/5.4.1/bin/../lib/gcc/arm-none-eabi/5.4.1/../../../../arm-none-eabi/lib/armv7-m\libg_nano.a(lib_a-memset.o)

.debug_str      0x00000000     0x1df4
 *(.debug_str)
 .debug_str     0x00000000      0x208 .\CortexM3\ARM_GCC_541\Debug\main.o
                                0x269 (size before relaxing)
 .debug_str     0x00000208      0x24e .\CortexM3\ARM_GCC_541\Debug\LiquidCrystal_I2C.o
                                0x47f (size before relaxing)
 .debug_str     0x00000456      0x1b6 .\CortexM3\ARM_GCC_541\Debug\cyfitter_cfg.o
                                0x34a (size before relaxing)
 .debug_str     0x0000060c       0x75 .\CortexM3\ARM_GCC_541\Debug\cymetadata.o
                                0x1ea (size before relaxing)
 .debug_str     0x00000681      0x13f .\CortexM3\ARM_GCC_541\Debug\Cm3Start.o
                                0x310 (size before relaxing)
 .debug_str     0x000007c0      0x81f .\CortexM3\ARM_GCC_541\Debug\Bluetooth2021.a(CyLib.o)
                                0xa4d (size before relaxing)
 .debug_str     0x00000fdf      0x365 .\CortexM3\ARM_GCC_541\Debug\Bluetooth2021.a(cyPm.o)
                                0x739 (size before relaxing)
 .debug_str     0x00001344      0x184 .\CortexM3\ARM_GCC_541\Debug\Bluetooth2021.a(UART.o)
                                0x378 (size before relaxing)
 .debug_str     0x000014c8       0xd4 .\CortexM3\ARM_GCC_541\Debug\Bluetooth2021.a(I2C.o)
                                0x2e7 (size before relaxing)
 .debug_str     0x0000159c       0x86 .\CortexM3\ARM_GCC_541\Debug\Bluetooth2021.a(I2C_INT.o)
                                0x265 (size before relaxing)
 .debug_str     0x00001622       0x56 .\CortexM3\ARM_GCC_541\Debug\Bluetooth2021.a(I2C_PM.o)
                                0x283 (size before relaxing)
 .debug_str     0x00001678      0x135 .\CortexM3\ARM_GCC_541\Debug\Bluetooth2021.a(I2C_MASTER.o)
                                0x3aa (size before relaxing)
 .debug_str     0x000017ad      0x166 .\CortexM3\ARM_GCC_541\Debug\Bluetooth2021.a(PWM.o)
                                0x331 (size before relaxing)
 .debug_str     0x00001913       0x6a .\CortexM3\ARM_GCC_541\Debug\Bluetooth2021.a(Clock.o)
                                0x2dc (size before relaxing)
 .debug_str     0x0000197d       0xd8 .\CortexM3\ARM_GCC_541\Debug\Bluetooth2021.a(RXisr.o)
                                0x2ac (size before relaxing)
 .debug_str     0x00001a55      0x138 .\CortexM3\ARM_GCC_541\Debug\Bluetooth2021.a(UART_IntClock.o)
                                0x33c (size before relaxing)
 .debug_str     0x00001b8d      0x1bb .\CortexM3\ARM_GCC_541\Debug\Bluetooth2021.a(CyFlash.o)
                                0x3c6 (size before relaxing)
 .debug_str     0x00001d48       0xac .\CortexM3\ARM_GCC_541\Debug\Bluetooth2021.a(CySpc.o)
                                0x33e (size before relaxing)

.debug_loc      0x00000000     0x268a
 *(.debug_loc)
 .debug_loc     0x00000000      0x346 .\CortexM3\ARM_GCC_541\Debug\LiquidCrystal_I2C.o
 .debug_loc     0x00000346      0x259 .\CortexM3\ARM_GCC_541\Debug\cyfitter_cfg.o
 .debug_loc     0x0000059f      0x144 .\CortexM3\ARM_GCC_541\Debug\Cm3Start.o
 .debug_loc     0x000006e3      0xa11 .\CortexM3\ARM_GCC_541\Debug\Bluetooth2021.a(CyLib.o)
 .debug_loc     0x000010f4      0x1e4 .\CortexM3\ARM_GCC_541\Debug\Bluetooth2021.a(cyPm.o)
 .debug_loc     0x000012d8       0x87 .\CortexM3\ARM_GCC_541\Debug\Bluetooth2021.a(UART.o)
 .debug_loc     0x0000135f       0x39 .\CortexM3\ARM_GCC_541\Debug\Bluetooth2021.a(I2C.o)
 .debug_loc     0x00001398       0x29 .\CortexM3\ARM_GCC_541\Debug\Bluetooth2021.a(I2C_INT.o)
 .debug_loc     0x000013c1       0x13 .\CortexM3\ARM_GCC_541\Debug\Bluetooth2021.a(I2C_PM.o)
 .debug_loc     0x000013d4      0x52f .\CortexM3\ARM_GCC_541\Debug\Bluetooth2021.a(I2C_MASTER.o)
 .debug_loc     0x00001903       0x26 .\CortexM3\ARM_GCC_541\Debug\Bluetooth2021.a(PWM.o)
 .debug_loc     0x00001929      0x128 .\CortexM3\ARM_GCC_541\Debug\Bluetooth2021.a(Clock.o)
 .debug_loc     0x00001a51       0x56 .\CortexM3\ARM_GCC_541\Debug\Bluetooth2021.a(RXisr.o)
 .debug_loc     0x00001aa7      0x12c .\CortexM3\ARM_GCC_541\Debug\Bluetooth2021.a(UART_IntClock.o)
 .debug_loc     0x00001bd3      0x3b2 .\CortexM3\ARM_GCC_541\Debug\Bluetooth2021.a(CyFlash.o)
 .debug_loc     0x00001f85      0x705 .\CortexM3\ARM_GCC_541\Debug\Bluetooth2021.a(CySpc.o)

.debug_macinfo
 *(.debug_macinfo)

.debug_ranges   0x00000000      0x8b0
 *(.debug_ranges)
 .debug_ranges  0x00000000       0x18 .\CortexM3\ARM_GCC_541\Debug\main.o
 .debug_ranges  0x00000018      0x108 .\CortexM3\ARM_GCC_541\Debug\LiquidCrystal_I2C.o
 .debug_ranges  0x00000120       0x48 .\CortexM3\ARM_GCC_541\Debug\cyfitter_cfg.o
 .debug_ranges  0x00000168       0x38 .\CortexM3\ARM_GCC_541\Debug\Cm3Start.o
 .debug_ranges  0x000001a0      0x290 .\CortexM3\ARM_GCC_541\Debug\Bluetooth2021.a(CyLib.o)
 .debug_ranges  0x00000430       0x88 .\CortexM3\ARM_GCC_541\Debug\Bluetooth2021.a(cyPm.o)
 .debug_ranges  0x000004b8       0x88 .\CortexM3\ARM_GCC_541\Debug\Bluetooth2021.a(UART.o)
 .debug_ranges  0x00000540       0x28 .\CortexM3\ARM_GCC_541\Debug\Bluetooth2021.a(I2C.o)
 .debug_ranges  0x00000568       0x10 .\CortexM3\ARM_GCC_541\Debug\Bluetooth2021.a(I2C_INT.o)
 .debug_ranges  0x00000578       0x28 .\CortexM3\ARM_GCC_541\Debug\Bluetooth2021.a(I2C_PM.o)
 .debug_ranges  0x000005a0       0x70 .\CortexM3\ARM_GCC_541\Debug\Bluetooth2021.a(I2C_MASTER.o)
 .debug_ranges  0x00000610       0x88 .\CortexM3\ARM_GCC_541\Debug\Bluetooth2021.a(PWM.o)
 .debug_ranges  0x00000698       0x60 .\CortexM3\ARM_GCC_541\Debug\Bluetooth2021.a(Clock.o)
 .debug_ranges  0x000006f8       0x70 .\CortexM3\ARM_GCC_541\Debug\Bluetooth2021.a(RXisr.o)
 .debug_ranges  0x00000768       0x60 .\CortexM3\ARM_GCC_541\Debug\Bluetooth2021.a(UART_IntClock.o)
 .debug_ranges  0x000007c8       0x78 .\CortexM3\ARM_GCC_541\Debug\Bluetooth2021.a(CyFlash.o)
 .debug_ranges  0x00000840       0x70 .\CortexM3\ARM_GCC_541\Debug\Bluetooth2021.a(CySpc.o)

.comment        0x00000000       0x6e
 .comment       0x00000000       0x6e .\CortexM3\ARM_GCC_541\Debug\main.o
                                 0x6f (size before relaxing)
 .comment       0x0000006e       0x6f .\CortexM3\ARM_GCC_541\Debug\LiquidCrystal_I2C.o
 .comment       0x0000006e       0x6f .\CortexM3\ARM_GCC_541\Debug\cyfitter_cfg.o
 .comment       0x0000006e       0x6f .\CortexM3\ARM_GCC_541\Debug\cymetadata.o
 .comment       0x0000006e       0x6f .\CortexM3\ARM_GCC_541\Debug\Cm3Start.o
 .comment       0x0000006e       0x6f .\CortexM3\ARM_GCC_541\Debug\Bluetooth2021.a(CyLib.o)
 .comment       0x0000006e       0x6f .\CortexM3\ARM_GCC_541\Debug\Bluetooth2021.a(cyPm.o)
 .comment       0x0000006e       0x6f .\CortexM3\ARM_GCC_541\Debug\Bluetooth2021.a(UART.o)
 .comment       0x0000006e       0x6f .\CortexM3\ARM_GCC_541\Debug\Bluetooth2021.a(I2C.o)
 .comment       0x0000006e       0x6f .\CortexM3\ARM_GCC_541\Debug\Bluetooth2021.a(I2C_INT.o)
 .comment       0x0000006e       0x6f .\CortexM3\ARM_GCC_541\Debug\Bluetooth2021.a(I2C_PM.o)
 .comment       0x0000006e       0x6f .\CortexM3\ARM_GCC_541\Debug\Bluetooth2021.a(I2C_MASTER.o)
 .comment       0x0000006e       0x6f .\CortexM3\ARM_GCC_541\Debug\Bluetooth2021.a(PWM.o)
 .comment       0x0000006e       0x6f .\CortexM3\ARM_GCC_541\Debug\Bluetooth2021.a(Clock.o)
 .comment       0x0000006e       0x6f .\CortexM3\ARM_GCC_541\Debug\Bluetooth2021.a(RXisr.o)
 .comment       0x0000006e       0x6f .\CortexM3\ARM_GCC_541\Debug\Bluetooth2021.a(UART_IntClock.o)
 .comment       0x0000006e       0x6f .\CortexM3\ARM_GCC_541\Debug\Bluetooth2021.a(CyFlash.o)
 .comment       0x0000006e       0x6f .\CortexM3\ARM_GCC_541\Debug\Bluetooth2021.a(CySpc.o)

.debug_weaknames
 *(.debug_weaknames)

.debug_funcnames
 *(.debug_funcnames)

.debug_typenames
 *(.debug_typenames)

.debug_varnames
 *(.debug_varnames)

.note.gnu.arm.ident
 *(.note.gnu.arm.ident)

.ARM.attributes
                0x00000000       0x29
 *(.ARM.attributes)
 .ARM.attributes
                0x00000000       0x1d c:/program files (x86)/cypress/psoc creator/4.4/psoc creator/import/gnu/arm/5.4.1/bin/../lib/gcc/arm-none-eabi/5.4.1/armv7-m/crti.o
 .ARM.attributes
                0x0000001d       0x2d c:/program files (x86)/cypress/psoc creator/4.4/psoc creator/import/gnu/arm/5.4.1/bin/../lib/gcc/arm-none-eabi/5.4.1/armv7-m/crtbegin.o
 .ARM.attributes
                0x0000004a       0x1b c:/program files (x86)/cypress/psoc creator/4.4/psoc creator/import/gnu/arm/5.4.1/bin/../lib/gcc/arm-none-eabi/5.4.1/../../../../arm-none-eabi/lib/armv7-m/crt0.o
 .ARM.attributes
                0x00000065       0x33 .\CortexM3\ARM_GCC_541\Debug\main.o
 .ARM.attributes
                0x00000098       0x33 .\CortexM3\ARM_GCC_541\Debug\LiquidCrystal_I2C.o
 .ARM.attributes
                0x000000cb       0x33 .\CortexM3\ARM_GCC_541\Debug\cyfitter_cfg.o
 .ARM.attributes
                0x000000fe       0x33 .\CortexM3\ARM_GCC_541\Debug\cymetadata.o
 .ARM.attributes
                0x00000131       0x33 .\CortexM3\ARM_GCC_541\Debug\Cm3Start.o
 .ARM.attributes
                0x00000164       0x33 .\CortexM3\ARM_GCC_541\Debug\Bluetooth2021.a(CyLib.o)
 .ARM.attributes
                0x00000197       0x33 .\CortexM3\ARM_GCC_541\Debug\Bluetooth2021.a(cyPm.o)
 .ARM.attributes
                0x000001ca       0x33 .\CortexM3\ARM_GCC_541\Debug\Bluetooth2021.a(UART.o)
 .ARM.attributes
                0x000001fd       0x33 .\CortexM3\ARM_GCC_541\Debug\Bluetooth2021.a(I2C.o)
 .ARM.attributes
                0x00000230       0x33 .\CortexM3\ARM_GCC_541\Debug\Bluetooth2021.a(I2C_INT.o)
 .ARM.attributes
                0x00000263       0x33 .\CortexM3\ARM_GCC_541\Debug\Bluetooth2021.a(I2C_PM.o)
 .ARM.attributes
                0x00000296       0x33 .\CortexM3\ARM_GCC_541\Debug\Bluetooth2021.a(I2C_MASTER.o)
 .ARM.attributes
                0x000002c9       0x33 .\CortexM3\ARM_GCC_541\Debug\Bluetooth2021.a(PWM.o)
 .ARM.attributes
                0x000002fc       0x33 .\CortexM3\ARM_GCC_541\Debug\Bluetooth2021.a(Clock.o)
 .ARM.attributes
                0x0000032f       0x33 .\CortexM3\ARM_GCC_541\Debug\Bluetooth2021.a(RXisr.o)
 .ARM.attributes
                0x00000362       0x33 .\CortexM3\ARM_GCC_541\Debug\Bluetooth2021.a(UART_IntClock.o)
 .ARM.attributes
                0x00000395       0x21 .\CortexM3\ARM_GCC_541\Debug\Bluetooth2021.a(CyBootAsmGnu.o)
 .ARM.attributes
                0x000003b6       0x33 .\CortexM3\ARM_GCC_541\Debug\Bluetooth2021.a(CyFlash.o)
 .ARM.attributes
                0x000003e9       0x33 .\CortexM3\ARM_GCC_541\Debug\Bluetooth2021.a(CySpc.o)
 .ARM.attributes
                0x0000041c       0x2d c:/program files (x86)/cypress/psoc creator/4.4/psoc creator/import/gnu/arm/5.4.1/bin/../lib/gcc/arm-none-eabi/5.4.1/../../../../arm-none-eabi/lib/armv7-m\libg_nano.a(lib_a-errno.o)
 .ARM.attributes
                0x00000449       0x2d c:/program files (x86)/cypress/psoc creator/4.4/psoc creator/import/gnu/arm/5.4.1/bin/../lib/gcc/arm-none-eabi/5.4.1/../../../../arm-none-eabi/lib/armv7-m\libg_nano.a(lib_a-exit.o)
 .ARM.attributes
                0x00000476       0x2d c:/program files (x86)/cypress/psoc creator/4.4/psoc creator/import/gnu/arm/5.4.1/bin/../lib/gcc/arm-none-eabi/5.4.1/../../../../arm-none-eabi/lib/armv7-m\libg_nano.a(lib_a-impure.o)
 .ARM.attributes
                0x000004a3       0x2d c:/program files (x86)/cypress/psoc creator/4.4/psoc creator/import/gnu/arm/5.4.1/bin/../lib/gcc/arm-none-eabi/5.4.1/../../../../arm-none-eabi/lib/armv7-m\libg_nano.a(lib_a-init.o)
 .ARM.attributes
                0x000004d0       0x2d c:/program files (x86)/cypress/psoc creator/4.4/psoc creator/import/gnu/arm/5.4.1/bin/../lib/gcc/arm-none-eabi/5.4.1/../../../../arm-none-eabi/lib/armv7-m\libg_nano.a(lib_a-memcpy-stub.o)
 .ARM.attributes
                0x000004fd       0x2d c:/program files (x86)/cypress/psoc creator/4.4/psoc creator/import/gnu/arm/5.4.1/bin/../lib/gcc/arm-none-eabi/5.4.1/../../../../arm-none-eabi/lib/armv7-m\libg_nano.a(lib_a-memset.o)
 .ARM.attributes
                0x0000052a       0x17 c:/program files (x86)/cypress/psoc creator/4.4/psoc creator/import/gnu/arm/5.4.1/bin/../lib/gcc/arm-none-eabi/5.4.1/../../../../arm-none-eabi/lib/armv7-m\libg_nano.a(lib_a-strlen.o)
 .ARM.attributes
                0x00000541       0x2d c:/program files (x86)/cypress/psoc creator/4.4/psoc creator/import/gnu/arm/5.4.1/bin/../lib/gcc/arm-none-eabi/5.4.1/armv7-m/crtend.o
 .ARM.attributes
                0x0000056e       0x1d c:/program files (x86)/cypress/psoc creator/4.4/psoc creator/import/gnu/arm/5.4.1/bin/../lib/gcc/arm-none-eabi/5.4.1/armv7-m/crtn.o

/DISCARD/
 *(.note.GNU-stack)
OUTPUT(C:\Users\usuario\OneDrive\Escritorio\ProyectoBT2021\Bluetooth2021.cydsn\CortexM3\ARM_GCC_541\Debug\Bluetooth2021.elf elf32-littlearm)
